Archive member included to satisfy reference by file (symbol)

C:/Program Files/STM32CubeIDE_1.15.1/STM32CubeIDE/plugins/com.st.stm32cube.ide.mcu.externaltools.gnu-tools-for-stm32.12.3.rel1.win32_1.0.100.202403111256/tools/bin/../lib/gcc/arm-none-eabi/12.3.1/../../../../arm-none-eabi/lib/thumb/v7e-m+fp/hard\libc_nano.a(libc_a-exit.o)
                              C:/Program Files/STM32CubeIDE_1.15.1/STM32CubeIDE/plugins/com.st.stm32cube.ide.mcu.externaltools.gnu-tools-for-stm32.12.3.rel1.win32_1.0.100.202403111256/tools/bin/../lib/gcc/arm-none-eabi/12.3.1/../../../../arm-none-eabi/lib/thumb/v7e-m+fp/hard/crt0.o (exit)
C:/Program Files/STM32CubeIDE_1.15.1/STM32CubeIDE/plugins/com.st.stm32cube.ide.mcu.externaltools.gnu-tools-for-stm32.12.3.rel1.win32_1.0.100.202403111256/tools/bin/../lib/gcc/arm-none-eabi/12.3.1/../../../../arm-none-eabi/lib/thumb/v7e-m+fp/hard\libc_nano.a(libc_a-malloc.o)
                              ./Middlewares/ST/STM32_USB_Host_Library/Class/MSC/Src/usbh_msc.o (malloc)
C:/Program Files/STM32CubeIDE_1.15.1/STM32CubeIDE/plugins/com.st.stm32cube.ide.mcu.externaltools.gnu-tools-for-stm32.12.3.rel1.win32_1.0.100.202403111256/tools/bin/../lib/gcc/arm-none-eabi/12.3.1/../../../../arm-none-eabi/lib/thumb/v7e-m+fp/hard\libc_nano.a(libc_a-mallocr.o)
                              C:/Program Files/STM32CubeIDE_1.15.1/STM32CubeIDE/plugins/com.st.stm32cube.ide.mcu.externaltools.gnu-tools-for-stm32.12.3.rel1.win32_1.0.100.202403111256/tools/bin/../lib/gcc/arm-none-eabi/12.3.1/../../../../arm-none-eabi/lib/thumb/v7e-m+fp/hard\libc_nano.a(libc_a-malloc.o) (_malloc_r)
C:/Program Files/STM32CubeIDE_1.15.1/STM32CubeIDE/plugins/com.st.stm32cube.ide.mcu.externaltools.gnu-tools-for-stm32.12.3.rel1.win32_1.0.100.202403111256/tools/bin/../lib/gcc/arm-none-eabi/12.3.1/../../../../arm-none-eabi/lib/thumb/v7e-m+fp/hard\libc_nano.a(libc_a-mlock.o)
                              C:/Program Files/STM32CubeIDE_1.15.1/STM32CubeIDE/plugins/com.st.stm32cube.ide.mcu.externaltools.gnu-tools-for-stm32.12.3.rel1.win32_1.0.100.202403111256/tools/bin/../lib/gcc/arm-none-eabi/12.3.1/../../../../arm-none-eabi/lib/thumb/v7e-m+fp/hard\libc_nano.a(libc_a-mallocr.o) (__malloc_lock)
C:/Program Files/STM32CubeIDE_1.15.1/STM32CubeIDE/plugins/com.st.stm32cube.ide.mcu.externaltools.gnu-tools-for-stm32.12.3.rel1.win32_1.0.100.202403111256/tools/bin/../lib/gcc/arm-none-eabi/12.3.1/../../../../arm-none-eabi/lib/thumb/v7e-m+fp/hard\libc_nano.a(libc_a-findfp.o)
                              C:/Program Files/STM32CubeIDE_1.15.1/STM32CubeIDE/plugins/com.st.stm32cube.ide.mcu.externaltools.gnu-tools-for-stm32.12.3.rel1.win32_1.0.100.202403111256/tools/bin/../lib/gcc/arm-none-eabi/12.3.1/../../../../arm-none-eabi/lib/thumb/v7e-m+fp/hard\libc_nano.a(libc_a-exit.o) (__stdio_exit_handler)
C:/Program Files/STM32CubeIDE_1.15.1/STM32CubeIDE/plugins/com.st.stm32cube.ide.mcu.externaltools.gnu-tools-for-stm32.12.3.rel1.win32_1.0.100.202403111256/tools/bin/../lib/gcc/arm-none-eabi/12.3.1/../../../../arm-none-eabi/lib/thumb/v7e-m+fp/hard\libc_nano.a(libc_a-fwalk.o)
                              C:/Program Files/STM32CubeIDE_1.15.1/STM32CubeIDE/plugins/com.st.stm32cube.ide.mcu.externaltools.gnu-tools-for-stm32.12.3.rel1.win32_1.0.100.202403111256/tools/bin/../lib/gcc/arm-none-eabi/12.3.1/../../../../arm-none-eabi/lib/thumb/v7e-m+fp/hard\libc_nano.a(libc_a-findfp.o) (_fwalk_sglue)
C:/Program Files/STM32CubeIDE_1.15.1/STM32CubeIDE/plugins/com.st.stm32cube.ide.mcu.externaltools.gnu-tools-for-stm32.12.3.rel1.win32_1.0.100.202403111256/tools/bin/../lib/gcc/arm-none-eabi/12.3.1/../../../../arm-none-eabi/lib/thumb/v7e-m+fp/hard\libc_nano.a(libc_a-stdio.o)
                              C:/Program Files/STM32CubeIDE_1.15.1/STM32CubeIDE/plugins/com.st.stm32cube.ide.mcu.externaltools.gnu-tools-for-stm32.12.3.rel1.win32_1.0.100.202403111256/tools/bin/../lib/gcc/arm-none-eabi/12.3.1/../../../../arm-none-eabi/lib/thumb/v7e-m+fp/hard\libc_nano.a(libc_a-findfp.o) (__sread)
C:/Program Files/STM32CubeIDE_1.15.1/STM32CubeIDE/plugins/com.st.stm32cube.ide.mcu.externaltools.gnu-tools-for-stm32.12.3.rel1.win32_1.0.100.202403111256/tools/bin/../lib/gcc/arm-none-eabi/12.3.1/../../../../arm-none-eabi/lib/thumb/v7e-m+fp/hard\libc_nano.a(libc_a-memset.o)
                              C:/Program Files/STM32CubeIDE_1.15.1/STM32CubeIDE/plugins/com.st.stm32cube.ide.mcu.externaltools.gnu-tools-for-stm32.12.3.rel1.win32_1.0.100.202403111256/tools/bin/../lib/gcc/arm-none-eabi/12.3.1/../../../../arm-none-eabi/lib/thumb/v7e-m+fp/hard/crt0.o (memset)
C:/Program Files/STM32CubeIDE_1.15.1/STM32CubeIDE/plugins/com.st.stm32cube.ide.mcu.externaltools.gnu-tools-for-stm32.12.3.rel1.win32_1.0.100.202403111256/tools/bin/../lib/gcc/arm-none-eabi/12.3.1/../../../../arm-none-eabi/lib/thumb/v7e-m+fp/hard\libc_nano.a(libc_a-closer.o)
[...]
Memory Configuration

Name             Origin             Length             Attributes
CCMRAM           0x10000000         0x00010000         xrw
RAM              0x20000000         0x00020000         xrw
FLASH            0x08000000         0x00100000         xr
*default*        0x00000000         0xffffffff

Linker script and memory map

LOAD C:/Program Files/STM32CubeIDE_1.15.1/STM32CubeIDE/plugins/com.st.stm32cube.ide.mcu.externaltools.gnu-tools-for-stm32.12.3.rel1.win32_1.0.100.202403111256/tools/bin/../lib/gcc/arm-none-eabi/12.3.1/thumb/v7e-m+fp/hard/crti.o
LOAD C:/Program Files/STM32CubeIDE_1.15.1/STM32CubeIDE/plugins/com.st.stm32cube.ide.mcu.externaltools.gnu-tools-for-stm32.12.3.rel1.win32_1.0.100.202403111256/tools/bin/../lib/gcc/arm-none-eabi/12.3.1/thumb/v7e-m+fp/hard/crtbegin.o
LOAD C:/Program Files/STM32CubeIDE_1.15.1/STM32CubeIDE/plugins/com.st.stm32cube.ide.mcu.externaltools.gnu-tools-for-stm32.12.3.rel1.win32_1.0.100.202403111256/tools/bin/../lib/gcc/arm-none-eabi/12.3.1/../../../../arm-none-eabi/lib/thumb/v7e-m+fp/hard/crt0.o
LOAD ./Audio/MY_CS43L22.o
LOAD ./Audio/audioI2S.o
LOAD ./Audio/wav_player.o
LOAD ./Core/Src/main.o
LOAD ./Core/Src/stm32f4xx_hal_msp.o
LOAD ./Core/Src/stm32f4xx_it.o
LOAD ./Core/Src/syscalls.o
LOAD ./Core/Src/sysmem.o
LOAD ./Core/Src/system_stm32f4xx.o
LOAD ./Core/Startup/startup_stm32f407vgtx.o
LOAD ./Drivers/STM32F4xx_HAL_Driver/Src/stm32f4xx_hal.o
LOAD ./Drivers/STM32F4xx_HAL_Driver/Src/stm32f4xx_hal_cortex.o
LOAD ./Drivers/STM32F4xx_HAL_Driver/Src/stm32f4xx_hal_dma.o
LOAD ./Drivers/STM32F4xx_HAL_Driver/Src/stm32f4xx_hal_dma_ex.o
LOAD ./Drivers/STM32F4xx_HAL_Driver/Src/stm32f4xx_hal_exti.o
LOAD ./Drivers/STM32F4xx_HAL_Driver/Src/stm32f4xx_hal_flash.o
LOAD ./Drivers/STM32F4xx_HAL_Driver/Src/stm32f4xx_hal_flash_ex.o
LOAD ./Drivers/STM32F4xx_HAL_Driver/Src/stm32f4xx_hal_flash_ramfunc.o
LOAD ./Drivers/STM32F4xx_HAL_Driver/Src/stm32f4xx_hal_gpio.o
LOAD ./Drivers/STM32F4xx_HAL_Driver/Src/stm32f4xx_hal_hcd.o
LOAD ./Drivers/STM32F4xx_HAL_Driver/Src/stm32f4xx_hal_i2c.o
LOAD ./Drivers/STM32F4xx_HAL_Driver/Src/stm32f4xx_hal_i2c_ex.o
LOAD ./Drivers/STM32F4xx_HAL_Driver/Src/stm32f4xx_hal_i2s.o
LOAD ./Drivers/STM32F4xx_HAL_Driver/Src/stm32f4xx_hal_i2s_ex.o
LOAD ./Drivers/STM32F4xx_HAL_Driver/Src/stm32f4xx_hal_pwr.o
LOAD ./Drivers/STM32F4xx_HAL_Driver/Src/stm32f4xx_hal_pwr_ex.o
LOAD ./Drivers/STM32F4xx_HAL_Driver/Src/stm32f4xx_hal_rcc.o
LOAD ./Drivers/STM32F4xx_HAL_Driver/Src/stm32f4xx_hal_rcc_ex.o
LOAD ./Drivers/STM32F4xx_HAL_Driver/Src/stm32f4xx_ll_usb.o
LOAD ./FATFS/App/fatfs.o
LOAD ./FATFS/Target/usbh_diskio.o
LOAD ./Middlewares/ST/STM32_USB_Host_Library/Class/MSC/Src/usbh_msc.o
LOAD ./Middlewares/ST/STM32_USB_Host_Library/Class/MSC/Src/usbh_msc_bot.o
LOAD ./Middlewares/ST/STM32_USB_Host_Library/Class/MSC/Src/usbh_msc_scsi.o
LOAD ./Middlewares/ST/STM32_USB_Host_Library/Core/Src/usbh_core.o
LOAD ./Middlewares/ST/STM32_USB_Host_Library/Core/Src/usbh_ctlreq.o
LOAD ./Middlewares/ST/STM32_USB_Host_Library/Core/Src/usbh_ioreq.o
LOAD ./Middlewares/ST/STM32_USB_Host_Library/Core/Src/usbh_pipes.o
LOAD ./Middlewares/Third_Party/FatFs/src/diskio.o
LOAD ./Middlewares/Third_Party/FatFs/src/ff.o
LOAD ./Middlewares/Third_Party/FatFs/src/ff_gen_drv.o
LOAD ./Middlewares/Third_Party/FatFs/src/option/syscall.o
LOAD ./USB_HOST/App/usb_host.o
LOAD ./USB_HOST/Target/usbh_conf.o
START GROUP
LOAD C:/Program Files/STM32CubeIDE_1.15.1/STM32CubeIDE/plugins/com.st.stm32cube.ide.mcu.externaltools.gnu-tools-for-stm32.12.3.rel1.win32_1.0.100.202403111256/tools/bin/../lib/gcc/arm-none-eabi/12.3.1/../../../../arm-none-eabi/lib/thumb/v7e-m+fp/hard\libc_nano.a
LOAD C:/Program Files/STM32CubeIDE_1.15.1/STM32CubeIDE/plugins/com.st.stm32cube.ide.mcu.externaltools.gnu-tools-for-stm32.12.3.rel1.win32_1.0.100.202403111256/tools/bin/../lib/gcc/arm-none-eabi/12.3.1/../../../../arm-none-eabi/lib/thumb/v7e-m+fp/hard\libm.a
END GROUP
START GROUP
LOAD C:/Program Files/STM32CubeIDE_1.15.1/STM32CubeIDE/plugins/com.st.stm32cube.ide.mcu.externaltools.gnu-tools-for-stm32.12.3.rel1.win32_1.0.100.202403111256/tools/bin/../lib/gcc/arm-none-eabi/12.3.1/thumb/v7e-m+fp/hard\libgcc.a
LOAD C:/Program Files/STM32CubeIDE_1.15.1/STM32CubeIDE/plugins/com.st.stm32cube.ide.mcu.externaltools.gnu-tools-for-stm32.12.3.rel1.win32_1.0.100.202403111256/tools/bin/../lib/gcc/arm-none-eabi/12.3.1/../../../../arm-none-eabi/lib/thumb/v7e-m+fp/hard\libc_nano.a
END GROUP
START GROUP
LOAD C:/Program Files/STM32CubeIDE_1.15.1/STM32CubeIDE/plugins/com.st.stm32cube.ide.mcu.externaltools.gnu-tools-for-stm32.12.3.rel1.win32_1.0.100.202403111256/tools/bin/../lib/gcc/arm-none-eabi/12.3.1/thumb/v7e-m+fp/hard\libgcc.a
LOAD C:/Program Files/STM32CubeIDE_1.15.1/STM32CubeIDE/plugins/com.st.stm32cube.ide.mcu.externaltools.gnu-tools-for-stm32.12.3.rel1.win32_1.0.100.202403111256/tools/bin/../lib/gcc/arm-none-eabi/12.3.1/../../../../arm-none-eabi/lib/thumb/v7e-m+fp/hard\libc_nano.a
LOAD C:/Program Files/STM32CubeIDE_1.15.1/STM32CubeIDE/plugins/com.st.stm32cube.ide.mcu.externaltools.gnu-tools-for-stm32.12.3.rel1.win32_1.0.100.202403111256/tools/bin/../lib/gcc/arm-none-eabi/12.3.1/../../../../arm-none-eabi/lib/thumb/v7e-m+fp/hard\libnosys.a
END GROUP
START GROUP
LOAD C:/Program Files/STM32CubeIDE_1.15.1/STM32CubeIDE/plugins/com.st.stm32cube.ide.mcu.externaltools.gnu-tools-for-stm32.12.3.rel1.win32_1.0.100.202403111256/tools/bin/../lib/gcc/arm-none-eabi/12.3.1/thumb/v7e-m+fp/hard\libgcc.a
LOAD C:/Program Files/STM32CubeIDE_1.15.1/STM32CubeIDE/plugins/com.st.stm32cube.ide.mcu.externaltools.gnu-tools-for-stm32.12.3.rel1.win32_1.0.100.202403111256/tools/bin/../lib/gcc/arm-none-eabi/12.3.1/../../../../arm-none-eabi/lib/thumb/v7e-m+fp/hard\libc_nano.a
LOAD C:/Program Files/STM32CubeIDE_1.15.1/STM32CubeIDE/plugins/com.st.stm32cube.ide.mcu.externaltools.gnu-tools-for-stm32.12.3.rel1.win32_1.0.100.202403111256/tools/bin/../lib/gcc/arm-none-eabi/12.3.1/../../../../arm-none-eabi/lib/thumb/v7e-m+fp/hard\libnosys.a
END GROUP
LOAD C:/Program Files/STM32CubeIDE_1.15.1/STM32CubeIDE/plugins/com.st.stm32cube.ide.mcu.externaltools.gnu-tools-for-stm32.12.3.rel1.win32_1.0.100.202403111256/tools/bin/../lib/gcc/arm-none-eabi/12.3.1/thumb/v7e-m+fp/hard/crtend.o
LOAD C:/Program Files/STM32CubeIDE_1.15.1/STM32CubeIDE/plugins/com.st.stm32cube.ide.mcu.externaltools.gnu-tools-for-stm32.12.3.rel1.win32_1.0.100.202403111256/tools/bin/../lib/gcc/arm-none-eabi/12.3.1/thumb/v7e-m+fp/hard/crtn.o
                0x20020000                        _estack = (ORIGIN (RAM) + LENGTH (RAM))
                0x00002000                        _Min_Heap_Size = 0x2000
                0x00002000                        _Min_Stack_Size = 0x2000

.isr_vector     0x08000000      0x188
                0x08000000                        . = ALIGN (0x4)
 *(.isr_vector)
 .isr_vector    0x08000000      0x188 ./Core/Startup/startup_stm32f407vgtx.o
                0x08000000                g_pfnVectors
                0x08000188                        . = ALIGN (0x4)

.text           0x08000188     0xe8f4
                0x08000188                        . = ALIGN (0x4)
 *(.text)
 .text          0x08000188       0x40 C:/Program Files/STM32CubeIDE_1.15.1/STM32CubeIDE/plugins/com.st.stm32cube.ide.mcu.externaltools.gnu-tools-for-stm32.12.3.rel1.win32_1.0.100.202403111256/tools/bin/../lib/gcc/arm-none-eabi/12.3.1/thumb/v7e-m+fp/hard/crtbegin.o
 .text          0x080001c8       0x30 C:/Program Files/STM32CubeIDE_1.15.1/STM32CubeIDE/plugins/com.st.stm32cube.ide.mcu.externaltools.gnu-tools-for-stm32.12.3.rel1.win32_1.0.100.202403111256/tools/bin/../lib/gcc/arm-none-eabi/12.3.1/thumb/v7e-m+fp/hard\libgcc.a(_aeabi_uldivmod.o)
                0x080001c8                __aeabi_uldivmod
 .text          0x080001f8      0x2bc C:/Program Files/STM32CubeIDE_1.15.1/STM32CubeIDE/plugins/com.st.stm32cube.ide.mcu.externaltools.gnu-tools-for-stm32.12.3.rel1.win32_1.0.100.202403111256/tools/bin/../lib/gcc/arm-none-eabi/12.3.1/thumb/v7e-m+fp/hard\libgcc.a(_udivmoddi4.o)
                0x080001f8                __udivmoddi4
 .text          0x080004b4        0x4 C:/Program Files/STM32CubeIDE_1.15.1/STM32CubeIDE/plugins/com.st.stm32cube.ide.mcu.externaltools.gnu-tools-for-stm32.12.3.rel1.win32_1.0.100.202403111256/tools/bin/../lib/gcc/arm-none-eabi/12.3.1/thumb/v7e-m+fp/hard\libgcc.a(_dvmd_tls.o)
                0x080004b4                __aeabi_idiv0
                0x080004b4                __aeabi_ldiv0
 *(.text*)
 .text.write_register
                0x080004b8       0x3c ./Audio/MY_CS43L22.o
 .text.read_register
                0x080004f4       0x44 ./Audio/MY_CS43L22.o
 .text.CS43_Init
                0x08000538      0x228 ./Audio/MY_CS43L22.o
                0x08000538                CS43_Init
 .text.CS43_Enable_RightLeft
                0x08000760       0xb8 ./Audio/MY_CS43L22.o
                0x08000760                CS43_Enable_RightLeft
 .text.CS43_SetVolume
                0x08000818       0x84 ./Audio/MY_CS43L22.o
                0x08000818                CS43_SetVolume
 .text.CS43_Start
                0x0800089c       0x84 ./Audio/MY_CS43L22.o
                0x0800089c                CS43_Start
 .text.CS43_Stop
                0x08000920       0x20 ./Audio/MY_CS43L22.o
                0x08000920                CS43_Stop
 .text.audioI2S_pllClockConfig
                0x08000940       0x98 ./Audio/audioI2S.o
 .text.I2S3_freqUpdate
                0x080009d8       0x88 ./Audio/audioI2S.o
 .text.audioI2S_setHandle
                0x08000a60       0x20 ./Audio/audioI2S.o
                0x08000a60                audioI2S_setHandle
 .text.audioI2S_init
                0x08000a80       0x1e ./Audio/audioI2S.o
                0x08000a80                audioI2S_init
 *fill*         0x08000a9e        0x2 
 .text.audioI2S_play
                0x08000aa0       0x3c ./Audio/audioI2S.o
                0x08000aa0                audioI2S_play
 .text.audioI2S_pause
                0x08000adc       0x1c ./Audio/audioI2S.o
                0x08000adc                audioI2S_pause
 .text.audioI2S_resume
                0x08000af8       0x1c ./Audio/audioI2S.o
                0x08000af8                audioI2S_resume
 .text.audioI2S_stop
                0x08000b14       0x1c ./Audio/audioI2S.o
                0x08000b14                audioI2S_stop
 .text.HAL_I2S_TxCpltCallback
                0x08000b30       0x24 ./Audio/audioI2S.o
                0x08000b30                HAL_I2S_TxCpltCallback
 .text.HAL_I2S_TxHalfCpltCallback
                0x08000b54       0x24 ./Audio/audioI2S.o
                0x08000b54                HAL_I2S_TxHalfCpltCallback
 .text.wavPlayer_reset
                0x08000b78       0x24 ./Audio/wav_player.o
 .text.wavPlayer_fileSelect
                0x08000b9c       0x54 ./Audio/wav_player.o
                0x08000b9c                wavPlayer_fileSelect
 .text.wavPlayer_play
                0x08000bf0       0x64 ./Audio/wav_player.o
                0x08000bf0                wavPlayer_play
 .text.wavPlayer_process
                0x08000c54       0xe4 ./Audio/wav_player.o
                0x08000c54                wavPlayer_process
 .text.wavPlayer_stop
                0x08000d38       0x18 ./Audio/wav_player.o
                0x08000d38                wavPlayer_stop
 .text.wavPlayer_pause
                0x08000d50        0xc ./Audio/wav_player.o
                0x08000d50                wavPlayer_pause
 .text.wavPlayer_resume
                0x08000d5c        0xc ./Audio/wav_player.o
                0x08000d5c                wavPlayer_resume
 .text.wavPlayer_isFinished
                0x08000d68       0x18 ./Audio/wav_player.o
                0x08000d68                wavPlayer_isFinished
 .text.audioI2S_halfTransfer_Callback
                0x08000d80       0x18 ./Audio/wav_player.o
                0x08000d80                audioI2S_halfTransfer_Callback
 .text.audioI2S_fullTransfer_Callback
                0x08000d98       0x18 ./Audio/wav_player.o
                0x08000d98                audioI2S_fullTransfer_Callback
 .text.main     0x08000db0      0x1a0 ./Core/Src/main.o
                0x08000db0                main
 .text.SystemClock_Config
                0x08000f50      0x104 ./Core/Src/main.o
                0x08000f50                SystemClock_Config
 .text.MX_I2C1_Init
                0x08001054       0x5c ./Core/Src/main.o
 .text.MX_I2S3_Init
                0x080010b0       0x5c ./Core/Src/main.o
 .text.MX_DMA_Init
                0x0800110c       0x40 ./Core/Src/main.o
 .text.MX_GPIO_Init
                0x0800114c      0x124 ./Core/Src/main.o
 .text.Error_Handler
                0x08001270        0xe ./Core/Src/main.o
                0x08001270                Error_Handler
 *fill*         0x0800127e        0x2 
 .text.HAL_MspInit
                0x08001280       0x50 ./Core/Src/stm32f4xx_hal_msp.o
                0x08001280                HAL_MspInit
 .text.HAL_I2C_MspInit
                0x080012d0       0x90 ./Core/Src/stm32f4xx_hal_msp.o
                0x080012d0                HAL_I2C_MspInit
 .text.HAL_I2S_MspInit
                0x08001360      0x17c ./Core/Src/stm32f4xx_hal_msp.o
                0x08001360                HAL_I2S_MspInit
 .text.NMI_Handler
                0x080014dc        0x8 ./Core/Src/stm32f4xx_it.o
                0x080014dc                NMI_Handler
 .text.HardFault_Handler
                0x080014e4        0x8 ./Core/Src/stm32f4xx_it.o
                0x080014e4                HardFault_Handler
 .text.MemManage_Handler
                0x080014ec        0x8 ./Core/Src/stm32f4xx_it.o
                0x080014ec                MemManage_Handler
 .text.BusFault_Handler
                0x080014f4        0x8 ./Core/Src/stm32f4xx_it.o
                0x080014f4                BusFault_Handler
 .text.UsageFault_Handler
                0x080014fc        0x8 ./Core/Src/stm32f4xx_it.o
                0x080014fc                UsageFault_Handler
 .text.SVC_Handler
                0x08001504        0xe ./Core/Src/stm32f4xx_it.o
                0x08001504                SVC_Handler
 .text.DebugMon_Handler
                0x08001512        0xe ./Core/Src/stm32f4xx_it.o
                0x08001512                DebugMon_Handler
 .text.PendSV_Handler
                0x08001520        0xe ./Core/Src/stm32f4xx_it.o
                0x08001520                PendSV_Handler
 .text.SysTick_Handler
                0x0800152e        0xc ./Core/Src/stm32f4xx_it.o
                0x0800152e                SysTick_Handler
 *fill*         0x0800153a        0x2 
 .text.DMA1_Stream5_IRQHandler
                0x0800153c       0x14 ./Core/Src/stm32f4xx_it.o
                0x0800153c                DMA1_Stream5_IRQHandler
 .text.OTG_FS_IRQHandler
                0x08001550       0x14 ./Core/Src/stm32f4xx_it.o
                0x08001550                OTG_FS_IRQHandler
 .text._sbrk    0x08001564       0x6c ./Core/Src/sysmem.o
                0x08001564                _sbrk
 .text.SystemInit
                0x080015d0       0x24 ./Core/Src/system_stm32f4xx.o
                0x080015d0                SystemInit
 .text.Reset_Handler
                0x080015f4       0x50 ./Core/Startup/startup_stm32f407vgtx.o
                0x080015f4                Reset_Handler
 .text.Default_Handler
                0x08001644        0x2 ./Core/Startup/startup_stm32f407vgtx.o
                0x08001644                RTC_Alarm_IRQHandler
                0x08001644                HASH_RNG_IRQHandler
                0x08001644                EXTI2_IRQHandler
                0x08001644                TIM8_CC_IRQHandler
                0x08001644                TIM1_CC_IRQHandler
                0x08001644                DMA2_Stream5_IRQHandler
                0x08001644                PVD_IRQHandler
                0x08001644                SDIO_IRQHandler
                0x08001644                TAMP_STAMP_IRQHandler
                0x08001644                CAN2_RX1_IRQHandler
                0x08001644                EXTI3_IRQHandler
                0x08001644                TIM8_TRG_COM_TIM14_IRQHandler
                0x08001644                TIM1_UP_TIM10_IRQHandler
                0x08001644                TIM8_UP_TIM13_IRQHandler
                0x08001644                I2C3_ER_IRQHandler
                0x08001644                EXTI0_IRQHandler
                0x08001644                I2C2_EV_IRQHandler
                0x08001644                DMA1_Stream2_IRQHandler
                0x08001644                CAN1_RX0_IRQHandler
                0x08001644                FPU_IRQHandler
                0x08001644                OTG_HS_WKUP_IRQHandler
                0x08001644                CAN2_SCE_IRQHandler
                0x08001644                DMA2_Stream2_IRQHandler
                0x08001644                SPI1_IRQHandler
                0x08001644                TIM6_DAC_IRQHandler
                0x08001644                TIM1_BRK_TIM9_IRQHandler
                0x08001644                DCMI_IRQHandler
                0x08001644                CAN2_RX0_IRQHandler
                0x08001644                DMA2_Stream3_IRQHandler
                0x08001644                USART6_IRQHandler
                0x08001644                USART3_IRQHandler
                0x08001644                CAN1_RX1_IRQHandler
                0x08001644                UART5_IRQHandler
                0x08001644                DMA2_Stream0_IRQHandler
                0x08001644                TIM4_IRQHandler
                0x08001644                I2C1_EV_IRQHandler
                0x08001644                DMA1_Stream6_IRQHandler
                0x08001644                DMA1_Stream1_IRQHandler
                0x08001644                UART4_IRQHandler
                0x08001644                TIM3_IRQHandler
                0x08001644                RCC_IRQHandler
                0x08001644                TIM8_BRK_TIM12_IRQHandler
                0x08001644                Default_Handler
                0x08001644                EXTI15_10_IRQHandler
                0x08001644                ADC_IRQHandler
                0x08001644                DMA1_Stream7_IRQHandler
                0x08001644                TIM7_IRQHandler
                0x08001644                CAN2_TX_IRQHandler
                0x08001644                TIM5_IRQHandler
                0x08001644                DMA2_Stream7_IRQHandler
                0x08001644                I2C3_EV_IRQHandler
                0x08001644                EXTI9_5_IRQHandler
                0x08001644                RTC_WKUP_IRQHandler
                0x08001644                ETH_WKUP_IRQHandler
                0x08001644                SPI2_IRQHandler
                0x08001644                OTG_HS_EP1_IN_IRQHandler
                0x08001644                DMA1_Stream0_IRQHandler
                0x08001644                CAN1_TX_IRQHandler
                0x08001644                EXTI4_IRQHandler
                0x08001644                FSMC_IRQHandler
                0x08001644                ETH_IRQHandler
                0x08001644                OTG_HS_EP1_OUT_IRQHandler
                0x08001644                WWDG_IRQHandler
                0x08001644                TIM2_IRQHandler
                0x08001644                OTG_FS_WKUP_IRQHandler
                0x08001644                TIM1_TRG_COM_TIM11_IRQHandler
                0x08001644                OTG_HS_IRQHandler
                0x08001644                EXTI1_IRQHandler
                0x08001644                USART2_IRQHandler
                0x08001644                I2C2_ER_IRQHandler
                0x08001644                DMA2_Stream1_IRQHandler
                0x08001644                CAN1_SCE_IRQHandler
                0x08001644                FLASH_IRQHandler
                0x08001644                DMA2_Stream4_IRQHandler
                0x08001644                USART1_IRQHandler
                0x08001644                SPI3_IRQHandler
                0x08001644                DMA1_Stream4_IRQHandler
                0x08001644                I2C1_ER_IRQHandler
                0x08001644                DMA2_Stream6_IRQHandler
                0x08001644                DMA1_Stream3_IRQHandler
 *fill*         0x08001646        0x2 
 .text.HAL_Init
                0x08001648       0x44 ./Drivers/STM32F4xx_HAL_Driver/Src/stm32f4xx_hal.o
                0x08001648                HAL_Init
 .text.HAL_InitTick
                0x0800168c       0x60 ./Drivers/STM32F4xx_HAL_Driver/Src/stm32f4xx_hal.o
                0x0800168c                HAL_InitTick
 .text.HAL_IncTick
                0x080016ec       0x28 ./Drivers/STM32F4xx_HAL_Driver/Src/stm32f4xx_hal.o
                0x080016ec                HAL_IncTick
 .text.HAL_GetTick
                0x08001714       0x18 ./Drivers/STM32F4xx_HAL_Driver/Src/stm32f4xx_hal.o
                0x08001714                HAL_GetTick
 .text.HAL_Delay
                0x0800172c       0x48 ./Drivers/STM32F4xx_HAL_Driver/Src/stm32f4xx_hal.o
                0x0800172c                HAL_Delay
 .text.__NVIC_SetPriorityGrouping
                0x08001774       0x48 ./Drivers/STM32F4xx_HAL_Driver/Src/stm32f4xx_hal_cortex.o
 .text.__NVIC_GetPriorityGrouping
                0x080017bc       0x1c ./Drivers/STM32F4xx_HAL_Driver/Src/stm32f4xx_hal_cortex.o
 .text.__NVIC_EnableIRQ
                0x080017d8       0x3c ./Drivers/STM32F4xx_HAL_Driver/Src/stm32f4xx_hal_cortex.o
 .text.__NVIC_SetPriority
                0x08001814       0x54 ./Drivers/STM32F4xx_HAL_Driver/Src/stm32f4xx_hal_cortex.o
 .text.NVIC_EncodePriority
                0x08001868       0x66 ./Drivers/STM32F4xx_HAL_Driver/Src/stm32f4xx_hal_cortex.o
 *fill*         0x080018ce        0x2 
 .text.SysTick_Config
                0x080018d0       0x44 ./Drivers/STM32F4xx_HAL_Driver/Src/stm32f4xx_hal_cortex.o
 .text.HAL_NVIC_SetPriorityGrouping
                0x08001914       0x16 ./Drivers/STM32F4xx_HAL_Driver/Src/stm32f4xx_hal_cortex.o
                0x08001914                HAL_NVIC_SetPriorityGrouping
 .text.HAL_NVIC_SetPriority
                0x0800192a       0x38 ./Drivers/STM32F4xx_HAL_Driver/Src/stm32f4xx_hal_cortex.o
                0x0800192a                HAL_NVIC_SetPriority
 .text.HAL_NVIC_EnableIRQ
                0x08001962       0x1c ./Drivers/STM32F4xx_HAL_Driver/Src/stm32f4xx_hal_cortex.o
                0x08001962                HAL_NVIC_EnableIRQ
 .text.HAL_SYSTICK_Config
                0x0800197e       0x18 ./Drivers/STM32F4xx_HAL_Driver/Src/stm32f4xx_hal_cortex.o
                0x0800197e                HAL_SYSTICK_Config
 *fill*         0x08001996        0x2 
 .text.HAL_DMA_Init
                0x08001998      0x15c ./Drivers/STM32F4xx_HAL_Driver/Src/stm32f4xx_hal_dma.o
                0x08001998                HAL_DMA_Init
 .text.HAL_DMA_Start_IT
                0x08001af4       0xb0 ./Drivers/STM32F4xx_HAL_Driver/Src/stm32f4xx_hal_dma.o
                0x08001af4                HAL_DMA_Start_IT
 .text.HAL_DMA_Abort
                0x08001ba4       0xe0 ./Drivers/STM32F4xx_HAL_Driver/Src/stm32f4xx_hal_dma.o
                0x08001ba4                HAL_DMA_Abort
 .text.HAL_DMA_IRQHandler
                0x08001c84      0x314 ./Drivers/STM32F4xx_HAL_Driver/Src/stm32f4xx_hal_dma.o
                0x08001c84                HAL_DMA_IRQHandler
 .text.DMA_SetConfig
                0x08001f98       0x5c ./Drivers/STM32F4xx_HAL_Driver/Src/stm32f4xx_hal_dma.o
 .text.DMA_CalcBaseAndBitshift
                0x08001ff4       0x6c ./Drivers/STM32F4xx_HAL_Driver/Src/stm32f4xx_hal_dma.o
 .text.DMA_CheckFifoParam
                0x08002060       0xf8 ./Drivers/STM32F4xx_HAL_Driver/Src/stm32f4xx_hal_dma.o
 .text.HAL_GPIO_Init
                0x08002158      0x338 ./Drivers/STM32F4xx_HAL_Driver/Src/stm32f4xx_hal_gpio.o
                0x08002158                HAL_GPIO_Init
 .text.HAL_GPIO_ReadPin
                0x08002490       0x30 ./Drivers/STM32F4xx_HAL_Driver/Src/stm32f4xx_hal_gpio.o
                0x08002490                HAL_GPIO_ReadPin
 .text.HAL_GPIO_WritePin
                0x080024c0       0x32 ./Drivers/STM32F4xx_HAL_Driver/Src/stm32f4xx_hal_gpio.o
                0x080024c0                HAL_GPIO_WritePin
 .text.HAL_HCD_Init
                0x080024f2       0xce ./Drivers/STM32F4xx_HAL_Driver/Src/stm32f4xx_hal_hcd.o
                0x080024f2                HAL_HCD_Init
 .text.HAL_HCD_HC_Init
                0x080025c0      0x170 ./Drivers/STM32F4xx_HAL_Driver/Src/stm32f4xx_hal_hcd.o
                0x080025c0                HAL_HCD_HC_Init
 .text.HAL_HCD_HC_Halt
                0x08002730       0x46 ./Drivers/STM32F4xx_HAL_Driver/Src/stm32f4xx_hal_hcd.o
                0x08002730                HAL_HCD_HC_Halt
 *fill*         0x08002776        0x2 
 .text.HAL_HCD_HC_SubmitRequest
                0x08002778      0x33c ./Drivers/STM32F4xx_HAL_Driver/Src/stm32f4xx_hal_hcd.o
                0x08002778                HAL_HCD_HC_SubmitRequest
 .text.HAL_HCD_IRQHandler
                0x08002ab4      0x220 ./Drivers/STM32F4xx_HAL_Driver/Src/stm32f4xx_hal_hcd.o
                0x08002ab4                HAL_HCD_IRQHandler
 .text.HAL_HCD_Start
                0x08002cd4       0x46 ./Drivers/STM32F4xx_HAL_Driver/Src/stm32f4xx_hal_hcd.o
                0x08002cd4                HAL_HCD_Start
 .text.HAL_HCD_Stop
                0x08002d1a       0x3a ./Drivers/STM32F4xx_HAL_Driver/Src/stm32f4xx_hal_hcd.o
                0x08002d1a                HAL_HCD_Stop
 .text.HAL_HCD_ResetPort
                0x08002d54       0x1c ./Drivers/STM32F4xx_HAL_Driver/Src/stm32f4xx_hal_hcd.o
                0x08002d54                HAL_HCD_ResetPort
 .text.HAL_HCD_HC_GetURBState
                0x08002d70       0x2a ./Drivers/STM32F4xx_HAL_Driver/Src/stm32f4xx_hal_hcd.o
                0x08002d70                HAL_HCD_HC_GetURBState
 .text.HAL_HCD_HC_GetXferCount
                0x08002d9a       0x2a ./Drivers/STM32F4xx_HAL_Driver/Src/stm32f4xx_hal_hcd.o
                0x08002d9a                HAL_HCD_HC_GetXferCount
 .text.HAL_HCD_GetCurrentFrame
                0x08002dc4       0x1c ./Drivers/STM32F4xx_HAL_Driver/Src/stm32f4xx_hal_hcd.o
                0x08002dc4                HAL_HCD_GetCurrentFrame
 .text.HAL_HCD_GetCurrentSpeed
                0x08002de0       0x1c ./Drivers/STM32F4xx_HAL_Driver/Src/stm32f4xx_hal_hcd.o
                0x08002de0                HAL_HCD_GetCurrentSpeed
 .text.HAL_HCD_HC_ClearHubInfo
                0x08002dfc       0x6a ./Drivers/STM32F4xx_HAL_Driver/Src/stm32f4xx_hal_hcd.o
                0x08002dfc                HAL_HCD_HC_ClearHubInfo
 .text.HCD_HC_IN_IRQHandler
                0x08002e66      0xcd2 ./Drivers/STM32F4xx_HAL_Driver/Src/stm32f4xx_hal_hcd.o
 .text.HCD_HC_OUT_IRQHandler
                0x08003b38      0x94a ./Drivers/STM32F4xx_HAL_Driver/Src/stm32f4xx_hal_hcd.o
 .text.HCD_RXQLVL_IRQHandler
                0x08004482      0x1be ./Drivers/STM32F4xx_HAL_Driver/Src/stm32f4xx_hal_hcd.o
 .text.HCD_Port_IRQHandler
                0x08004640       0xe6 ./Drivers/STM32F4xx_HAL_Driver/Src/stm32f4xx_hal_hcd.o
 *fill*         0x08004726        0x2 
 .text.HAL_I2C_Init
                0x08004728      0x288 ./Drivers/STM32F4xx_HAL_Driver/Src/stm32f4xx_hal_i2c.o
                0x08004728                HAL_I2C_Init
 .text.HAL_I2C_Master_Transmit
                0x080049b0      0x1fc ./Drivers/STM32F4xx_HAL_Driver/Src/stm32f4xx_hal_i2c.o
                0x080049b0                HAL_I2C_Master_Transmit
 .text.HAL_I2C_Master_Receive
                0x08004bac      0x464 ./Drivers/STM32F4xx_HAL_Driver/Src/stm32f4xx_hal_i2c.o
                0x08004bac                HAL_I2C_Master_Receive
 .text.I2C_MasterRequestWrite
                0x08005010      0x104 ./Drivers/STM32F4xx_HAL_Driver/Src/stm32f4xx_hal_i2c.o
 .text.I2C_MasterRequestRead
                0x08005114      0x19c ./Drivers/STM32F4xx_HAL_Driver/Src/stm32f4xx_hal_i2c.o
 .text.I2C_WaitOnFlagUntilTimeout
                0x080052b0       0xf4 ./Drivers/STM32F4xx_HAL_Driver/Src/stm32f4xx_hal_i2c.o
 .text.I2C_WaitOnMasterAddressFlagUntilTimeout
                0x080053a4      0x140 ./Drivers/STM32F4xx_HAL_Driver/Src/stm32f4xx_hal_i2c.o
 .text.I2C_WaitOnTXEFlagUntilTimeout
                0x080054e4       0x90 ./Drivers/STM32F4xx_HAL_Driver/Src/stm32f4xx_hal_i2c.o
 .text.I2C_WaitOnBTFFlagUntilTimeout
                0x08005574       0x90 ./Drivers/STM32F4xx_HAL_Driver/Src/stm32f4xx_hal_i2c.o
 .text.I2C_WaitOnRXNEFlagUntilTimeout
                0x08005604       0xba ./Drivers/STM32F4xx_HAL_Driver/Src/stm32f4xx_hal_i2c.o
 .text.I2C_IsAcknowledgeFailed
                0x080056be       0x5e ./Drivers/STM32F4xx_HAL_Driver/Src/stm32f4xx_hal_i2c.o
 .text.HAL_I2S_Init
                0x0800571c      0x280 ./Drivers/STM32F4xx_HAL_Driver/Src/stm32f4xx_hal_i2s.o
                0x0800571c                HAL_I2S_Init
 .text.HAL_I2S_Transmit_DMA
                0x0800599c      0x150 ./Drivers/STM32F4xx_HAL_Driver/Src/stm32f4xx_hal_i2s.o
                0x0800599c                HAL_I2S_Transmit_DMA
 .text.HAL_I2S_DMAPause
                0x08005aec       0xc4 ./Drivers/STM32F4xx_HAL_Driver/Src/stm32f4xx_hal_i2s.o
                0x08005aec                HAL_I2S_DMAPause
 .text.HAL_I2S_DMAResume
                0x08005bb0      0x128 ./Drivers/STM32F4xx_HAL_Driver/Src/stm32f4xx_hal_i2s.o
                0x08005bb0                HAL_I2S_DMAResume
 .text.HAL_I2S_DMAStop
                0x08005cd8      0x3b4 ./Drivers/STM32F4xx_HAL_Driver/Src/stm32f4xx_hal_i2s.o
                0x08005cd8                HAL_I2S_DMAStop
 .text.HAL_I2S_RxCpltCallback
                0x0800608c       0x14 ./Drivers/STM32F4xx_HAL_Driver/Src/stm32f4xx_hal_i2s.o
                0x0800608c                HAL_I2S_RxCpltCallback
 .text.HAL_I2S_ErrorCallback
                0x080060a0       0x14 ./Drivers/STM32F4xx_HAL_Driver/Src/stm32f4xx_hal_i2s.o
                0x080060a0                HAL_I2S_ErrorCallback
 .text.I2S_DMATxCplt
                0x080060b4       0x42 ./Drivers/STM32F4xx_HAL_Driver/Src/stm32f4xx_hal_i2s.o
 .text.I2S_DMATxHalfCplt
                0x080060f6       0x1c ./Drivers/STM32F4xx_HAL_Driver/Src/stm32f4xx_hal_i2s.o
 .text.I2S_DMAError
                0x08006112       0x4c ./Drivers/STM32F4xx_HAL_Driver/Src/stm32f4xx_hal_i2s.o
 .text.I2S_Transmit_IT
                0x0800615e       0x5c ./Drivers/STM32F4xx_HAL_Driver/Src/stm32f4xx_hal_i2s.o
 .text.I2S_Receive_IT
                0x080061ba       0x5e ./Drivers/STM32F4xx_HAL_Driver/Src/stm32f4xx_hal_i2s.o
 .text.I2S_IRQHandler
                0x08006218      0x114 ./Drivers/STM32F4xx_HAL_Driver/Src/stm32f4xx_hal_i2s.o
 .text.I2S_WaitFlagStateUntilTimeout
                0x0800632c       0x72 ./Drivers/STM32F4xx_HAL_Driver/Src/stm32f4xx_hal_i2s.o
 *fill*         0x0800639e        0x2 
 .text.HAL_I2SEx_FullDuplex_IRQHandler
                0x080063a0      0x2a8 ./Drivers/STM32F4xx_HAL_Driver/Src/stm32f4xx_hal_i2s_ex.o
                0x080063a0                HAL_I2SEx_FullDuplex_IRQHandler
 .text.HAL_I2SEx_TxRxCpltCallback
                0x08006648       0x14 ./Drivers/STM32F4xx_HAL_Driver/Src/stm32f4xx_hal_i2s_ex.o
                0x08006648                HAL_I2SEx_TxRxCpltCallback
 .text.I2SEx_TxISR_I2S
                0x0800665c       0x62 ./Drivers/STM32F4xx_HAL_Driver/Src/stm32f4xx_hal_i2s_ex.o
 *fill*         0x080066be        0x2 
 .text.I2SEx_TxISR_I2SExt
                0x080066c0       0x98 ./Drivers/STM32F4xx_HAL_Driver/Src/stm32f4xx_hal_i2s_ex.o
 .text.I2SEx_RxISR_I2S
                0x08006758       0x64 ./Drivers/STM32F4xx_HAL_Driver/Src/stm32f4xx_hal_i2s_ex.o
 .text.I2SEx_RxISR_I2SExt
                0x080067bc       0x98 ./Drivers/STM32F4xx_HAL_Driver/Src/stm32f4xx_hal_i2s_ex.o
 .text.HAL_RCC_OscConfig
                0x08006854      0x4f0 ./Drivers/STM32F4xx_HAL_Driver/Src/stm32f4xx_hal_rcc.o
                0x08006854                HAL_RCC_OscConfig
 .text.HAL_RCC_ClockConfig
                0x08006d44      0x1cc ./Drivers/STM32F4xx_HAL_Driver/Src/stm32f4xx_hal_rcc.o
                0x08006d44                HAL_RCC_ClockConfig
 .text.HAL_RCC_GetSysClockFreq
                0x08006f10      0x20c ./Drivers/STM32F4xx_HAL_Driver/Src/stm32f4xx_hal_rcc.o
                0x08006f10                HAL_RCC_GetSysClockFreq
 .text.HAL_RCC_GetHCLKFreq
                0x0800711c       0x18 ./Drivers/STM32F4xx_HAL_Driver/Src/stm32f4xx_hal_rcc.o
                0x0800711c                HAL_RCC_GetHCLKFreq
 .text.HAL_RCC_GetPCLK1Freq
                0x08007134       0x28 ./Drivers/STM32F4xx_HAL_Driver/Src/stm32f4xx_hal_rcc.o
                0x08007134                HAL_RCC_GetPCLK1Freq
 .text.HAL_RCCEx_PeriphCLKConfig
                0x0800715c      0x1c4 ./Drivers/STM32F4xx_HAL_Driver/Src/stm32f4xx_hal_rcc_ex.o
                0x0800715c                HAL_RCCEx_PeriphCLKConfig
 .text.HAL_RCCEx_GetPeriphCLKConfig
                0x08007320       0x58 ./Drivers/STM32F4xx_HAL_Driver/Src/stm32f4xx_hal_rcc_ex.o
                0x08007320                HAL_RCCEx_GetPeriphCLKConfig
 .text.HAL_RCCEx_GetPeriphCLKFreq
                0x08007378       0xc0 ./Drivers/STM32F4xx_HAL_Driver/Src/stm32f4xx_hal_rcc_ex.o
                0x08007378                HAL_RCCEx_GetPeriphCLKFreq
 .text.USB_CoreInit
                0x08007438       0xc8 ./Drivers/STM32F4xx_HAL_Driver/Src/stm32f4xx_ll_usb.o
                0x08007438                USB_CoreInit
 .text.USB_EnableGlobalInt
                0x08007500       0x22 ./Drivers/STM32F4xx_HAL_Driver/Src/stm32f4xx_ll_usb.o
                0x08007500                USB_EnableGlobalInt
 .text.USB_DisableGlobalInt
                0x08007522       0x22 ./Drivers/STM32F4xx_HAL_Driver/Src/stm32f4xx_ll_usb.o
                0x08007522                USB_DisableGlobalInt
 .text.USB_SetCurrentMode
                0x08007544       0x98 ./Drivers/STM32F4xx_HAL_Driver/Src/stm32f4xx_ll_usb.o
                0x08007544                USB_SetCurrentMode
 .text.USB_FlushTxFifo
                0x080075dc       0x64 ./Drivers/STM32F4xx_HAL_Driver/Src/stm32f4xx_ll_usb.o
                0x080075dc                USB_FlushTxFifo
 .text.USB_FlushRxFifo
                0x08007640       0x5c ./Drivers/STM32F4xx_HAL_Driver/Src/stm32f4xx_ll_usb.o
                0x08007640                USB_FlushRxFifo
 .text.USB_WritePacket
                0x0800769c       0x7c ./Drivers/STM32F4xx_HAL_Driver/Src/stm32f4xx_ll_usb.o
                0x0800769c                USB_WritePacket
 .text.USB_ReadPacket
                0x08007718       0xb0 ./Drivers/STM32F4xx_HAL_Driver/Src/stm32f4xx_ll_usb.o
                0x08007718                USB_ReadPacket
 .text.USB_ReadInterrupts
                0x080077c8       0x26 ./Drivers/STM32F4xx_HAL_Driver/Src/stm32f4xx_ll_usb.o
                0x080077c8                USB_ReadInterrupts
 .text.USB_ReadChInterrupts
                0x080077ee       0x42 ./Drivers/STM32F4xx_HAL_Driver/Src/stm32f4xx_ll_usb.o
                0x080077ee                USB_ReadChInterrupts
 .text.USB_GetMode
                0x08007830       0x1c ./Drivers/STM32F4xx_HAL_Driver/Src/stm32f4xx_ll_usb.o
                0x08007830                USB_GetMode
 .text.USB_CoreReset
                0x0800784c       0x62 ./Drivers/STM32F4xx_HAL_Driver/Src/stm32f4xx_ll_usb.o
 *fill*         0x080078ae        0x2 
 .text.USB_HostInit
                0x080078b0      0x188 ./Drivers/STM32F4xx_HAL_Driver/Src/stm32f4xx_ll_usb.o
                0x080078b0                USB_HostInit
 .text.USB_InitFSLSPClkSel
                0x08007a38       0x7a ./Drivers/STM32F4xx_HAL_Driver/Src/stm32f4xx_ll_usb.o
                0x08007a38                USB_InitFSLSPClkSel
 .text.USB_ResetPort
                0x08007ab2       0x54 ./Drivers/STM32F4xx_HAL_Driver/Src/stm32f4xx_ll_usb.o
                0x08007ab2                USB_ResetPort
 .text.USB_DriveVbus
                0x08007b06       0x72 ./Drivers/STM32F4xx_HAL_Driver/Src/stm32f4xx_ll_usb.o
                0x08007b06                USB_DriveVbus
 .text.USB_GetHostSpeed
                0x08007b78       0x2e ./Drivers/STM32F4xx_HAL_Driver/Src/stm32f4xx_ll_usb.o
                0x08007b78                USB_GetHostSpeed
 .text.USB_GetCurrentFrame
                0x08007ba6       0x22 ./Drivers/STM32F4xx_HAL_Driver/Src/stm32f4xx_ll_usb.o
                0x08007ba6                USB_GetCurrentFrame
 .text.USB_HC_Init
                0x08007bc8      0x258 ./Drivers/STM32F4xx_HAL_Driver/Src/stm32f4xx_ll_usb.o
                0x08007bc8                USB_HC_Init
 .text.USB_HC_StartXfer
                0x08007e20      0x4f4 ./Drivers/STM32F4xx_HAL_Driver/Src/stm32f4xx_ll_usb.o
                0x08007e20                USB_HC_StartXfer
 .text.USB_HC_ReadInterrupt
                0x08008314       0x22 ./Drivers/STM32F4xx_HAL_Driver/Src/stm32f4xx_ll_usb.o
                0x08008314                USB_HC_ReadInterrupt
 .text.USB_HC_Halt
                0x08008336      0x240 ./Drivers/STM32F4xx_HAL_Driver/Src/stm32f4xx_ll_usb.o
                0x08008336                USB_HC_Halt
 *fill*         0x08008576        0x2 
 .text.USB_DoPing
                0x08008578       0x78 ./Drivers/STM32F4xx_HAL_Driver/Src/stm32f4xx_ll_usb.o
                0x08008578                USB_DoPing
 .text.USB_StopHost
                0x080085f0      0x124 ./Drivers/STM32F4xx_HAL_Driver/Src/stm32f4xx_ll_usb.o
                0x080085f0                USB_StopHost
 .text.MX_FATFS_Init
                0x08008714       0x24 ./FATFS/App/fatfs.o
                0x08008714                MX_FATFS_Init
 .text.get_fattime
                0x08008738       0x10 ./FATFS/App/fatfs.o
                0x08008738                get_fattime
 .text.USBH_initialize
                0x08008748       0x18 ./FATFS/Target/usbh_diskio.o
                0x08008748                USBH_initialize
 .text.USBH_status
                0x08008760       0x38 ./FATFS/Target/usbh_diskio.o
                0x08008760                USBH_status
 .text.USBH_read
                0x08008798       0x74 ./FATFS/Target/usbh_diskio.o
                0x08008798                USBH_read
 .text.USBH_write
                0x0800880c       0x84 ./FATFS/Target/usbh_diskio.o
                0x0800880c                USBH_write
 .text.USBH_ioctl
                0x08008890       0xd8 ./FATFS/Target/usbh_diskio.o
                0x08008890                USBH_ioctl
 .text.USBH_MSC_InterfaceInit
                0x08008968      0x244 ./Middlewares/ST/STM32_USB_Host_Library/Class/MSC/Src/usbh_msc.o
 .text.USBH_MSC_InterfaceDeInit
                0x08008bac       0x8c ./Middlewares/ST/STM32_USB_Host_Library/Class/MSC/Src/usbh_msc.o
 .text.USBH_MSC_ClassRequest
                0x08008c38       0xce ./Middlewares/ST/STM32_USB_Host_Library/Class/MSC/Src/usbh_msc.o
 *fill*         0x08008d06        0x2 
 .text.USBH_MSC_Process
                0x08008d08      0x51c ./Middlewares/ST/STM32_USB_Host_Library/Class/MSC/Src/usbh_msc.o
 .text.USBH_MSC_SOFProcess
                0x08009224       0x16 ./Middlewares/ST/STM32_USB_Host_Library/Class/MSC/Src/usbh_msc.o
 .text.USBH_MSC_RdWrProcess
                0x0800923a      0x19e ./Middlewares/ST/STM32_USB_Host_Library/Class/MSC/Src/usbh_msc.o
 .text.USBH_MSC_UnitIsReady
                0x080093d8       0x4c ./Middlewares/ST/STM32_USB_Host_Library/Class/MSC/Src/usbh_msc.o
                0x080093d8                USBH_MSC_UnitIsReady
 .text.USBH_MSC_GetLUNInfo
                0x08009424       0x48 ./Middlewares/ST/STM32_USB_Host_Library/Class/MSC/Src/usbh_msc.o
                0x08009424                USBH_MSC_GetLUNInfo
 .text.USBH_MSC_Read
                0x0800946c       0xd2 ./Middlewares/ST/STM32_USB_Host_Library/Class/MSC/Src/usbh_msc.o
                0x0800946c                USBH_MSC_Read
 .text.USBH_MSC_Write
                0x0800953e       0xd2 ./Middlewares/ST/STM32_USB_Host_Library/Class/MSC/Src/usbh_msc.o
                0x0800953e                USBH_MSC_Write
 .text.USBH_MSC_BOT_REQ_Reset
                0x08009610       0x3a ./Middlewares/ST/STM32_USB_Host_Library/Class/MSC/Src/usbh_msc_bot.o
                0x08009610                USBH_MSC_BOT_REQ_Reset
 .text.USBH_MSC_BOT_REQ_GetMaxLUN
                0x0800964a       0x3c ./Middlewares/ST/STM32_USB_Host_Library/Class/MSC/Src/usbh_msc_bot.o
                0x0800964a                USBH_MSC_BOT_REQ_GetMaxLUN
 *fill*         0x08009686        0x2 
 .text.USBH_MSC_BOT_Init
                0x08009688       0x44 ./Middlewares/ST/STM32_USB_Host_Library/Class/MSC/Src/usbh_msc_bot.o
                0x08009688                USBH_MSC_BOT_Init
 .text.USBH_MSC_BOT_Process
                0x080096cc      0x39c ./Middlewares/ST/STM32_USB_Host_Library/Class/MSC/Src/usbh_msc_bot.o
                0x080096cc                USBH_MSC_BOT_Process
 .text.USBH_MSC_BOT_Abort
                0x08009a68       0x58 ./Middlewares/ST/STM32_USB_Host_Library/Class/MSC/Src/usbh_msc_bot.o
 .text.USBH_MSC_DecodeCSW
                0x08009ac0       0x88 ./Middlewares/ST/STM32_USB_Host_Library/Class/MSC/Src/usbh_msc_bot.o
 .text.USBH_MSC_SCSI_TestUnitReady
                0x08009b48       0x86 ./Middlewares/ST/STM32_USB_Host_Library/Class/MSC/Src/usbh_msc_scsi.o
                0x08009b48                USBH_MSC_SCSI_TestUnitReady
 .text.USBH_MSC_SCSI_ReadCapacity
                0x08009bce       0xf4 ./Middlewares/ST/STM32_USB_Host_Library/Class/MSC/Src/usbh_msc_scsi.o
                0x08009bce                USBH_MSC_SCSI_ReadCapacity
 .text.USBH_MSC_SCSI_Inquiry
                0x08009cc2      0x14a ./Middlewares/ST/STM32_USB_Host_Library/Class/MSC/Src/usbh_msc_scsi.o
                0x08009cc2                USBH_MSC_SCSI_Inquiry
 .text.USBH_MSC_SCSI_RequestSense
                0x08009e0c       0xf2 ./Middlewares/ST/STM32_USB_Host_Library/Class/MSC/Src/usbh_msc_scsi.o
                0x08009e0c                USBH_MSC_SCSI_RequestSense
 .text.USBH_MSC_SCSI_Write
                0x08009efe       0xd6 ./Middlewares/ST/STM32_USB_Host_Library/Class/MSC/Src/usbh_msc_scsi.o
                0x08009efe                USBH_MSC_SCSI_Write
 .text.USBH_MSC_SCSI_Read
                0x08009fd4       0xd6 ./Middlewares/ST/STM32_USB_Host_Library/Class/MSC/Src/usbh_msc_scsi.o
                0x08009fd4                USBH_MSC_SCSI_Read
 .text.USBH_Init
                0x0800a0aa       0x74 ./Middlewares/ST/STM32_USB_Host_Library/Core/Src/usbh_core.o
                0x0800a0aa                USBH_Init
 .text.DeInitStateMachine
                0x0800a11e       0xe6 ./Middlewares/ST/STM32_USB_Host_Library/Core/Src/usbh_core.o
 .text.USBH_RegisterClass
                0x0800a204       0x54 ./Middlewares/ST/STM32_USB_Host_Library/Core/Src/usbh_core.o
                0x0800a204                USBH_RegisterClass
 .text.USBH_SelectInterface
                0x0800a258       0x38 ./Middlewares/ST/STM32_USB_Host_Library/Core/Src/usbh_core.o
                0x0800a258                USBH_SelectInterface
 .text.USBH_FindInterface
                0x0800a290       0x8c ./Middlewares/ST/STM32_USB_Host_Library/Core/Src/usbh_core.o
                0x0800a290                USBH_FindInterface
 .text.USBH_Start
                0x0800a31c       0x20 ./Middlewares/ST/STM32_USB_Host_Library/Core/Src/usbh_core.o
                0x0800a31c                USBH_Start
 .text.USBH_Process
                0x0800a33c      0x3d0 ./Middlewares/ST/STM32_USB_Host_Library/Core/Src/usbh_core.o
                0x0800a33c                USBH_Process
 .text.USBH_HandleEnum
                0x0800a70c      0x3c0 ./Middlewares/ST/STM32_USB_Host_Library/Core/Src/usbh_core.o
 .text.USBH_LL_SetTimer
                0x0800aacc       0x1e ./Middlewares/ST/STM32_USB_Host_Library/Core/Src/usbh_core.o
                0x0800aacc                USBH_LL_SetTimer
 .text.USBH_LL_IncTimer
                0x0800aaea       0x24 ./Middlewares/ST/STM32_USB_Host_Library/Core/Src/usbh_core.o
                0x0800aaea                USBH_LL_IncTimer
 .text.USBH_HandleSof
                0x0800ab0e       0x30 ./Middlewares/ST/STM32_USB_Host_Library/Core/Src/usbh_core.o
 .text.USBH_LL_PortEnabled
                0x0800ab3e       0x1c ./Middlewares/ST/STM32_USB_Host_Library/Core/Src/usbh_core.o
                0x0800ab3e                USBH_LL_PortEnabled
 .text.USBH_LL_PortDisabled
                0x0800ab5a       0x1c ./Middlewares/ST/STM32_USB_Host_Library/Core/Src/usbh_core.o
                0x0800ab5a                USBH_LL_PortDisabled
 .text.USBH_LL_Connect
                0x0800ab76       0x2e ./Middlewares/ST/STM32_USB_Host_Library/Core/Src/usbh_core.o
                0x0800ab76                USBH_LL_Connect
 .text.USBH_LL_Disconnect
                0x0800aba4       0x48 ./Middlewares/ST/STM32_USB_Host_Library/Core/Src/usbh_core.o
                0x0800aba4                USBH_LL_Disconnect
 .text.USBH_Get_DevDesc
                0x0800abec       0x58 ./Middlewares/ST/STM32_USB_Host_Library/Core/Src/usbh_ctlreq.o
                0x0800abec                USBH_Get_DevDesc
 .text.USBH_Get_CfgDesc
                0x0800ac44       0x54 ./Middlewares/ST/STM32_USB_Host_Library/Core/Src/usbh_ctlreq.o
                0x0800ac44                USBH_Get_CfgDesc
 .text.USBH_Get_StringDesc
                0x0800ac98       0x68 ./Middlewares/ST/STM32_USB_Host_Library/Core/Src/usbh_ctlreq.o
                0x0800ac98                USBH_Get_StringDesc
 .text.USBH_GetDescriptor
                0x0800ad00       0x6a ./Middlewares/ST/STM32_USB_Host_Library/Core/Src/usbh_ctlreq.o
                0x0800ad00                USBH_GetDescriptor
 .text.USBH_SetAddress
                0x0800ad6a       0x48 ./Middlewares/ST/STM32_USB_Host_Library/Core/Src/usbh_ctlreq.o
                0x0800ad6a                USBH_SetAddress
 .text.USBH_SetCfg
                0x0800adb2       0x46 ./Middlewares/ST/STM32_USB_Host_Library/Core/Src/usbh_ctlreq.o
                0x0800adb2                USBH_SetCfg
 .text.USBH_SetFeature
                0x0800adf8       0x48 ./Middlewares/ST/STM32_USB_Host_Library/Core/Src/usbh_ctlreq.o
                0x0800adf8                USBH_SetFeature
 .text.USBH_ClrFeature
                0x0800ae40       0x48 ./Middlewares/ST/STM32_USB_Host_Library/Core/Src/usbh_ctlreq.o
                0x0800ae40                USBH_ClrFeature
 .text.USBH_ParseDevDesc
                0x0800ae88      0x160 ./Middlewares/ST/STM32_USB_Host_Library/Core/Src/usbh_ctlreq.o
 .text.USBH_ParseCfgDesc
                0x0800afe8      0x1f0 ./Middlewares/ST/STM32_USB_Host_Library/Core/Src/usbh_ctlreq.o
 .text.USBH_ParseInterfaceDesc
                0x0800b1d8       0x68 ./Middlewares/ST/STM32_USB_Host_Library/Core/Src/usbh_ctlreq.o
 .text.USBH_ParseEPDesc
                0x0800b240      0x1d0 ./Middlewares/ST/STM32_USB_Host_Library/Core/Src/usbh_ctlreq.o
 .text.USBH_ParseStringDesc
                0x0800b410       0x66 ./Middlewares/ST/STM32_USB_Host_Library/Core/Src/usbh_ctlreq.o
 .text.USBH_GetNextDesc
                0x0800b476       0x34 ./Middlewares/ST/STM32_USB_Host_Library/Core/Src/usbh_ctlreq.o
                0x0800b476                USBH_GetNextDesc
 .text.USBH_CtlReq
                0x0800b4aa       0x7a ./Middlewares/ST/STM32_USB_Host_Library/Core/Src/usbh_ctlreq.o
                0x0800b4aa                USBH_CtlReq
 .text.USBH_HandleControl
                0x0800b524      0x2e8 ./Middlewares/ST/STM32_USB_Host_Library/Core/Src/usbh_ctlreq.o
 .text.USBH_CtlSendSetup
                0x0800b80c       0x34 ./Middlewares/ST/STM32_USB_Host_Library/Core/Src/usbh_ioreq.o
                0x0800b80c                USBH_CtlSendSetup
 .text.USBH_CtlSendData
                0x0800b840       0x4a ./Middlewares/ST/STM32_USB_Host_Library/Core/Src/usbh_ioreq.o
                0x0800b840                USBH_CtlSendData
 .text.USBH_CtlReceiveData
                0x0800b88a       0x3c ./Middlewares/ST/STM32_USB_Host_Library/Core/Src/usbh_ioreq.o
                0x0800b88a                USBH_CtlReceiveData
 .text.USBH_BulkSendData
                0x0800b8c6       0x4a ./Middlewares/ST/STM32_USB_Host_Library/Core/Src/usbh_ioreq.o
                0x0800b8c6                USBH_BulkSendData
 .text.USBH_BulkReceiveData
                0x0800b910       0x3c ./Middlewares/ST/STM32_USB_Host_Library/Core/Src/usbh_ioreq.o
                0x0800b910                USBH_BulkReceiveData
 .text.USBH_OpenPipe
                0x0800b94c       0x3e ./Middlewares/ST/STM32_USB_Host_Library/Core/Src/usbh_pipes.o
                0x0800b94c                USBH_OpenPipe
 .text.USBH_ClosePipe
                0x0800b98a       0x20 ./Middlewares/ST/STM32_USB_Host_Library/Core/Src/usbh_pipes.o
                0x0800b98a                USBH_ClosePipe
 .text.USBH_AllocPipe
                0x0800b9aa       0x42 ./Middlewares/ST/STM32_USB_Host_Library/Core/Src/usbh_pipes.o
                0x0800b9aa                USBH_AllocPipe
 .text.USBH_FreePipe
                0x0800b9ec       0x3c ./Middlewares/ST/STM32_USB_Host_Library/Core/Src/usbh_pipes.o
                0x0800b9ec                USBH_FreePipe
 .text.USBH_GetFreePipe
                0x0800ba28       0x48 ./Middlewares/ST/STM32_USB_Host_Library/Core/Src/usbh_pipes.o
 .text.disk_status
                0x0800ba70       0x34 ./Middlewares/Third_Party/FatFs/src/diskio.o
                0x0800ba70                disk_status
 .text.disk_initialize
                0x0800baa4       0x50 ./Middlewares/Third_Party/FatFs/src/diskio.o
                0x0800baa4                disk_initialize
 .text.disk_read
                0x0800baf4       0x40 ./Middlewares/Third_Party/FatFs/src/diskio.o
                0x0800baf4                disk_read
 .text.disk_write
                0x0800bb34       0x40 ./Middlewares/Third_Party/FatFs/src/diskio.o
                0x0800bb34                disk_write
 .text.disk_ioctl
                0x0800bb74       0x3c ./Middlewares/Third_Party/FatFs/src/diskio.o
                0x0800bb74                disk_ioctl
 .text.ld_word  0x0800bbb0       0x30 ./Middlewares/Third_Party/FatFs/src/ff.o
 .text.ld_dword
                0x0800bbe0       0x46 ./Middlewares/Third_Party/FatFs/src/ff.o
 .text.st_word  0x0800bc26       0x36 ./Middlewares/Third_Party/FatFs/src/ff.o
 .text.st_dword
                0x0800bc5c       0x58 ./Middlewares/Third_Party/FatFs/src/ff.o
 .text.mem_cpy  0x0800bcb4       0x42 ./Middlewares/Third_Party/FatFs/src/ff.o
 .text.mem_set  0x0800bcf6       0x36 ./Middlewares/Third_Party/FatFs/src/ff.o
 .text.mem_cmp  0x0800bd2c       0x4e ./Middlewares/Third_Party/FatFs/src/ff.o
 .text.chk_chr  0x0800bd7a       0x36 ./Middlewares/Third_Party/FatFs/src/ff.o
 .text.chk_lock
                0x0800bdb0       0xb8 ./Middlewares/Third_Party/FatFs/src/ff.o
 .text.enq_lock
                0x0800be68       0x44 ./Middlewares/Third_Party/FatFs/src/ff.o
 .text.inc_lock
                0x0800beac      0x11c ./Middlewares/Third_Party/FatFs/src/ff.o
 .text.dec_lock
                0x0800bfc8       0x78 ./Middlewares/Third_Party/FatFs/src/ff.o
 .text.clear_lock
                0x0800c040       0x48 ./Middlewares/Third_Party/FatFs/src/ff.o
 .text.sync_window
                0x0800c088       0x88 ./Middlewares/Third_Party/FatFs/src/ff.o
 .text.move_window
                0x0800c110       0x5a ./Middlewares/Third_Party/FatFs/src/ff.o
 *fill*         0x0800c16a        0x2 
 .text.sync_fs  0x0800c16c       0xdc ./Middlewares/Third_Party/FatFs/src/ff.o
 .text.clust2sect
                0x0800c248       0x3e ./Middlewares/Third_Party/FatFs/src/ff.o
 .text.get_fat  0x0800c286      0x14e ./Middlewares/Third_Party/FatFs/src/ff.o
 .text.put_fat  0x0800c3d4      0x1d4 ./Middlewares/Third_Party/FatFs/src/ff.o
 .text.remove_chain
                0x0800c5a8       0xca ./Middlewares/Third_Party/FatFs/src/ff.o
 .text.create_chain
                0x0800c672      0x130 ./Middlewares/Third_Party/FatFs/src/ff.o
 .text.clmt_clust
                0x0800c7a2       0x68 ./Middlewares/Third_Party/FatFs/src/ff.o
 .text.dir_sdi  0x0800c80a       0xf6 ./Middlewares/Third_Party/FatFs/src/ff.o
 .text.dir_next
                0x0800c900      0x18a ./Middlewares/Third_Party/FatFs/src/ff.o
 .text.dir_alloc
                0x0800ca8a       0x8e ./Middlewares/Third_Party/FatFs/src/ff.o
 .text.ld_clust
                0x0800cb18       0x3e ./Middlewares/Third_Party/FatFs/src/ff.o
 .text.st_clust
                0x0800cb56       0x40 ./Middlewares/Third_Party/FatFs/src/ff.o
 .text.dir_find
                0x0800cb96       0xaa ./Middlewares/Third_Party/FatFs/src/ff.o
 .text.dir_register
                0x0800cc40       0x64 ./Middlewares/Third_Party/FatFs/src/ff.o
 .text.create_name
                0x0800cca4      0x128 ./Middlewares/Third_Party/FatFs/src/ff.o
 .text.follow_path
                0x0800cdcc       0xe2 ./Middlewares/Third_Party/FatFs/src/ff.o
 .text.get_ldnumber
                0x0800ceae       0x88 ./Middlewares/Third_Party/FatFs/src/ff.o
 *fill*         0x0800cf36        0x2 
 .text.check_fs
                0x0800cf38       0xac ./Middlewares/Third_Party/FatFs/src/ff.o
 .text.find_volume
                0x0800cfe4      0x498 ./Middlewares/Third_Party/FatFs/src/ff.o
 .text.validate
                0x0800d47c       0x6a ./Middlewares/Third_Party/FatFs/src/ff.o
 *fill*         0x0800d4e6        0x2 
 .text.f_mount  0x0800d4e8       0x8c ./Middlewares/Third_Party/FatFs/src/ff.o
                0x0800d4e8                f_mount
 .text.f_open   0x0800d574      0x374 ./Middlewares/Third_Party/FatFs/src/ff.o
                0x0800d574                f_open
 .text.f_read   0x0800d8e8      0x27e ./Middlewares/Third_Party/FatFs/src/ff.o
                0x0800d8e8                f_read
 .text.f_sync   0x0800db66       0xfc ./Middlewares/Third_Party/FatFs/src/ff.o
                0x0800db66                f_sync
 .text.f_close  0x0800dc62       0x54 ./Middlewares/Third_Party/FatFs/src/ff.o
                0x0800dc62                f_close
 .text.f_lseek  0x0800dcb6      0x412 ./Middlewares/Third_Party/FatFs/src/ff.o
                0x0800dcb6                f_lseek
 .text.FATFS_LinkDriverEx
                0x0800e0c8       0x98 ./Middlewares/Third_Party/FatFs/src/ff_gen_drv.o
                0x0800e0c8                FATFS_LinkDriverEx
 .text.FATFS_LinkDriver
                0x0800e160       0x1e ./Middlewares/Third_Party/FatFs/src/ff_gen_drv.o
                0x0800e160                FATFS_LinkDriver
 *fill*         0x0800e17e        0x2 
 .text.MX_USB_HOST_Init
                0x0800e180       0x4c ./USB_HOST/App/usb_host.o
                0x0800e180                MX_USB_HOST_Init
 .text.MX_USB_HOST_Process
                0x0800e1cc       0x14 ./USB_HOST/App/usb_host.o
                0x0800e1cc                MX_USB_HOST_Process
 .text.USBH_UserProcess
                0x0800e1e0       0x5c ./USB_HOST/App/usb_host.o
 .text.HAL_HCD_MspInit
                0x0800e23c       0xc4 ./USB_HOST/Target/usbh_conf.o
                0x0800e23c                HAL_HCD_MspInit
 .text.HAL_HCD_SOF_Callback
                0x0800e300       0x1c ./USB_HOST/Target/usbh_conf.o
                0x0800e300                HAL_HCD_SOF_Callback
 .text.HAL_HCD_Connect_Callback
                0x0800e31c       0x1c ./USB_HOST/Target/usbh_conf.o
                0x0800e31c                HAL_HCD_Connect_Callback
 .text.HAL_HCD_Disconnect_Callback
                0x0800e338       0x1c ./USB_HOST/Target/usbh_conf.o
                0x0800e338                HAL_HCD_Disconnect_Callback
 .text.HAL_HCD_HC_NotifyURBChange_Callback
                0x0800e354       0x1c ./USB_HOST/Target/usbh_conf.o
                0x0800e354                HAL_HCD_HC_NotifyURBChange_Callback
 .text.HAL_HCD_PortEnabled_Callback
                0x0800e370       0x1c ./USB_HOST/Target/usbh_conf.o
                0x0800e370                HAL_HCD_PortEnabled_Callback
 .text.HAL_HCD_PortDisabled_Callback
                0x0800e38c       0x1c ./USB_HOST/Target/usbh_conf.o
                0x0800e38c                HAL_HCD_PortDisabled_Callback
 .text.USBH_LL_Init
                0x0800e3a8       0x78 ./USB_HOST/Target/usbh_conf.o
                0x0800e3a8                USBH_LL_Init
 .text.USBH_LL_Start
                0x0800e420       0x36 ./USB_HOST/Target/usbh_conf.o
                0x0800e420                USBH_LL_Start
 .text.USBH_LL_Stop
                0x0800e456       0x36 ./USB_HOST/Target/usbh_conf.o
                0x0800e456                USBH_LL_Stop
 .text.USBH_LL_GetSpeed
                0x0800e48c       0x4e ./USB_HOST/Target/usbh_conf.o
                0x0800e48c                USBH_LL_GetSpeed
 .text.USBH_LL_ResetPort
                0x0800e4da       0x36 ./USB_HOST/Target/usbh_conf.o
                0x0800e4da                USBH_LL_ResetPort
 .text.USBH_LL_GetLastXferSize
                0x0800e510       0x26 ./USB_HOST/Target/usbh_conf.o
                0x0800e510                USBH_LL_GetLastXferSize
 .text.USBH_LL_OpenPipe
                0x0800e536       0x5e ./USB_HOST/Target/usbh_conf.o
                0x0800e536                USBH_LL_OpenPipe
 .text.USBH_LL_ClosePipe
                0x0800e594       0x3e ./USB_HOST/Target/usbh_conf.o
                0x0800e594                USBH_LL_ClosePipe
 .text.USBH_LL_SubmitURB
                0x0800e5d2       0x62 ./USB_HOST/Target/usbh_conf.o
                0x0800e5d2                USBH_LL_SubmitURB
 .text.USBH_LL_GetURBState
                0x0800e634       0x26 ./USB_HOST/Target/usbh_conf.o
                0x0800e634                USBH_LL_GetURBState
 .text.USBH_LL_DriverVBUS
                0x0800e65a       0x1c ./USB_HOST/Target/usbh_conf.o
                0x0800e65a                USBH_LL_DriverVBUS
 .text.USBH_LL_SetToggle
                0x0800e676       0x66 ./USB_HOST/Target/usbh_conf.o
                0x0800e676                USBH_LL_SetToggle
 .text.USBH_LL_GetToggle
                0x0800e6dc       0x66 ./USB_HOST/Target/usbh_conf.o
                0x0800e6dc                USBH_LL_GetToggle
 .text.USBH_Delay
                0x0800e742       0x16 ./USB_HOST/Target/usbh_conf.o
                0x0800e742                USBH_Delay
 .text.USBH_Get_USB_Status
                0x0800e758       0x58 ./USB_HOST/Target/usbh_conf.o
                0x0800e758                USBH_Get_USB_Status
 .text.malloc   0x0800e7b0       0x10 C:/Program Files/STM32CubeIDE_1.15.1/STM32CubeIDE/plugins/com.st.stm32cube.ide.mcu.externaltools.gnu-tools-for-stm32.12.3.rel1.win32_1.0.100.202403111256/tools/bin/../lib/gcc/arm-none-eabi/12.3.1/../../../../arm-none-eabi/lib/thumb/v7e-m+fp/hard\libc_nano.a(libc_a-malloc.o)
                0x0800e7b0                malloc
 .text.free     0x0800e7c0       0x10 C:/Program Files/STM32CubeIDE_1.15.1/STM32CubeIDE/plugins/com.st.stm32cube.ide.mcu.externaltools.gnu-tools-for-stm32.12.3.rel1.win32_1.0.100.202403111256/tools/bin/../lib/gcc/arm-none-eabi/12.3.1/../../../../arm-none-eabi/lib/thumb/v7e-m+fp/hard\libc_nano.a(libc_a-malloc.o)
                0x0800e7c0                free
 .text.sbrk_aligned
                0x0800e7d0       0x44 C:/Program Files/STM32CubeIDE_1.15.1/STM32CubeIDE/plugins/com.st.stm32cube.ide.mcu.externaltools.gnu-tools-for-stm32.12.3.rel1.win32_1.0.100.202403111256/tools/bin/../lib/gcc/arm-none-eabi/12.3.1/../../../../arm-none-eabi/lib/thumb/v7e-m+fp/hard\libc_nano.a(libc_a-mallocr.o)
 .text._malloc_r
                0x0800e814      0x100 C:/Program Files/STM32CubeIDE_1.15.1/STM32CubeIDE/plugins/com.st.stm32cube.ide.mcu.externaltools.gnu-tools-for-stm32.12.3.rel1.win32_1.0.100.202403111256/tools/bin/../lib/gcc/arm-none-eabi/12.3.1/../../../../arm-none-eabi/lib/thumb/v7e-m+fp/hard\libc_nano.a(libc_a-mallocr.o)
                0x0800e814                _malloc_r
 .text.__malloc_lock
                0x0800e914        0xc C:/Program Files/STM32CubeIDE_1.15.1/STM32CubeIDE/plugins/com.st.stm32cube.ide.mcu.externaltools.gnu-tools-for-stm32.12.3.rel1.win32_1.0.100.202403111256/tools/bin/../lib/gcc/arm-none-eabi/12.3.1/../../../../arm-none-eabi/lib/thumb/v7e-m+fp/hard\libc_nano.a(libc_a-mlock.o)
                0x0800e914                __malloc_lock
 .text.__malloc_unlock
                0x0800e920        0xc C:/Program Files/STM32CubeIDE_1.15.1/STM32CubeIDE/plugins/com.st.stm32cube.ide.mcu.externaltools.gnu-tools-for-stm32.12.3.rel1.win32_1.0.100.202403111256/tools/bin/../lib/gcc/arm-none-eabi/12.3.1/../../../../arm-none-eabi/lib/thumb/v7e-m+fp/hard\libc_nano.a(libc_a-mlock.o)
                0x0800e920                __malloc_unlock
 .text.memset   0x0800e92c       0x10 C:/Program Files/STM32CubeIDE_1.15.1/STM32CubeIDE/plugins/com.st.stm32cube.ide.mcu.externaltools.gnu-tools-for-stm32.12.3.rel1.win32_1.0.100.202403111256/tools/bin/../lib/gcc/arm-none-eabi/12.3.1/../../../../arm-none-eabi/lib/thumb/v7e-m+fp/hard\libc_nano.a(libc_a-memset.o)
                0x0800e92c                memset
 .text._sbrk_r  0x0800e93c       0x20 C:/Program Files/STM32CubeIDE_1.15.1/STM32CubeIDE/plugins/com.st.stm32cube.ide.mcu.externaltools.gnu-tools-for-stm32.12.3.rel1.win32_1.0.100.202403111256/tools/bin/../lib/gcc/arm-none-eabi/12.3.1/../../../../arm-none-eabi/lib/thumb/v7e-m+fp/hard\libc_nano.a(libc_a-sbrkr.o)
                0x0800e93c                _sbrk_r
 .text.__errno  0x0800e95c        0xc C:/Program Files/STM32CubeIDE_1.15.1/STM32CubeIDE/plugins/com.st.stm32cube.ide.mcu.externaltools.gnu-tools-for-stm32.12.3.rel1.win32_1.0.100.202403111256/tools/bin/../lib/gcc/arm-none-eabi/12.3.1/../../../../arm-none-eabi/lib/thumb/v7e-m+fp/hard\libc_nano.a(libc_a-errno.o)
                0x0800e95c                __errno
 .text.__libc_init_array
                0x0800e968       0x48 C:/Program Files/STM32CubeIDE_1.15.1/STM32CubeIDE/plugins/com.st.stm32cube.ide.mcu.externaltools.gnu-tools-for-stm32.12.3.rel1.win32_1.0.100.202403111256/tools/bin/../lib/gcc/arm-none-eabi/12.3.1/../../../../arm-none-eabi/lib/thumb/v7e-m+fp/hard\libc_nano.a(libc_a-init.o)
                0x0800e968                __libc_init_array
 .text.__retarget_lock_acquire_recursive
                0x0800e9b0        0x2 C:/Program Files/STM32CubeIDE_1.15.1/STM32CubeIDE/plugins/com.st.stm32cube.ide.mcu.externaltools.gnu-tools-for-stm32.12.3.rel1.win32_1.0.100.202403111256/tools/bin/../lib/gcc/arm-none-eabi/12.3.1/../../../../arm-none-eabi/lib/thumb/v7e-m+fp/hard\libc_nano.a(libc_a-lock.o)
                0x0800e9b0                __retarget_lock_acquire_recursive
 .text.__retarget_lock_release_recursive
                0x0800e9b2        0x2 C:/Program Files/STM32CubeIDE_1.15.1/STM32CubeIDE/plugins/com.st.stm32cube.ide.mcu.externaltools.gnu-tools-for-stm32.12.3.rel1.win32_1.0.100.202403111256/tools/bin/../lib/gcc/arm-none-eabi/12.3.1/../../../../arm-none-eabi/lib/thumb/v7e-m+fp/hard\libc_nano.a(libc_a-lock.o)
                0x0800e9b2                __retarget_lock_release_recursive
 .text.memcpy   0x0800e9b4       0x1c C:/Program Files/STM32CubeIDE_1.15.1/STM32CubeIDE/plugins/com.st.stm32cube.ide.mcu.externaltools.gnu-tools-for-stm32.12.3.rel1.win32_1.0.100.202403111256/tools/bin/../lib/gcc/arm-none-eabi/12.3.1/../../../../arm-none-eabi/lib/thumb/v7e-m+fp/hard\libc_nano.a(libc_a-memcpy-stub.o)
                0x0800e9b4                memcpy
 .text._free_r  0x0800e9d0       0x94 C:/Program Files/STM32CubeIDE_1.15.1/STM32CubeIDE/plugins/com.st.stm32cube.ide.mcu.externaltools.gnu-tools-for-stm32.12.3.rel1.win32_1.0.100.202403111256/tools/bin/../lib/gcc/arm-none-eabi/12.3.1/../../../../arm-none-eabi/lib/thumb/v7e-m+fp/hard\libc_nano.a(libc_a-freer.o)
                0x0800e9d0                _free_r
 *(.glue_7)
 .glue_7        0x0800ea64        0x0 linker stubs
 *(.glue_7t)
 .glue_7t       0x0800ea64        0x0 linker stubs
 *(.eh_frame)
 .eh_frame      0x0800ea64        0x0 C:/Program Files/STM32CubeIDE_1.15.1/STM32CubeIDE/plugins/com.st.stm32cube.ide.mcu.externaltools.gnu-tools-for-stm32.12.3.rel1.win32_1.0.100.202403111256/tools/bin/../lib/gcc/arm-none-eabi/12.3.1/thumb/v7e-m+fp/hard/crtbegin.o
 *(.init)
 .init          0x0800ea64        0x4 C:/Program Files/STM32CubeIDE_1.15.1/STM32CubeIDE/plugins/com.st.stm32cube.ide.mcu.externaltools.gnu-tools-for-stm32.12.3.rel1.win32_1.0.100.202403111256/tools/bin/../lib/gcc/arm-none-eabi/12.3.1/thumb/v7e-m+fp/hard/crti.o
                0x0800ea64                _init
 .init          0x0800ea68        0x8 C:/Program Files/STM32CubeIDE_1.15.1/STM32CubeIDE/plugins/com.st.stm32cube.ide.mcu.externaltools.gnu-tools-for-stm32.12.3.rel1.win32_1.0.100.202403111256/tools/bin/../lib/gcc/arm-none-eabi/12.3.1/thumb/v7e-m+fp/hard/crtn.o
 *(.fini)
 .fini          0x0800ea70        0x4 C:/Program Files/STM32CubeIDE_1.15.1/STM32CubeIDE/plugins/com.st.stm32cube.ide.mcu.externaltools.gnu-tools-for-stm32.12.3.rel1.win32_1.0.100.202403111256/tools/bin/../lib/gcc/arm-none-eabi/12.3.1/thumb/v7e-m+fp/hard/crti.o
                0x0800ea70                _fini
 .fini          0x0800ea74        0x8 C:/Program Files/STM32CubeIDE_1.15.1/STM32CubeIDE/plugins/com.st.stm32cube.ide.mcu.externaltools.gnu-tools-for-stm32.12.3.rel1.win32_1.0.100.202403111256/tools/bin/../lib/gcc/arm-none-eabi/12.3.1/thumb/v7e-m+fp/hard/crtn.o
                0x0800ea7c                        . = ALIGN (0x4)
                0x0800ea7c                        _etext = .

.vfp11_veneer   0x0800ea7c        0x0
 .vfp11_veneer  0x0800ea7c        0x0 linker stubs

.v4_bx          0x0800ea7c        0x0
 .v4_bx         0x0800ea7c        0x0 linker stubs

.iplt           0x0800ea7c        0x0
 .iplt          0x0800ea7c        0x0 C:/Program Files/STM32CubeIDE_1.15.1/STM32CubeIDE/plugins/com.st.stm32cube.ide.mcu.externaltools.gnu-tools-for-stm32.12.3.rel1.win32_1.0.100.202403111256/tools/bin/../lib/gcc/arm-none-eabi/12.3.1/thumb/v7e-m+fp/hard/crtbegin.o

.rodata         0x0800ea7c      0x170
                0x0800ea7c                        . = ALIGN (0x4)
 *(.rodata)
 .rodata        0x0800ea7c       0x13 ./Core/Src/main.o
 *fill*         0x0800ea8f        0x1 
 .rodata        0x0800ea90        0x4 ./Middlewares/ST/STM32_USB_Host_Library/Class/MSC/Src/usbh_msc.o
 .rodata        0x0800ea94       0x44 ./Middlewares/Third_Party/FatFs/src/ff.o
 *(.rodata*)
 .rodata.I2SFreq
                0x0800ead8       0x20 ./Audio/audioI2S.o
                0x0800ead8                I2SFreq
 .rodata.I2SPLLN
                0x0800eaf8       0x20 ./Audio/audioI2S.o
                0x0800eaf8                I2SPLLN
 .rodata.I2SPLLR
                0x0800eb18       0x20 ./Audio/audioI2S.o
                0x0800eb18                I2SPLLR
 .rodata.AHBPrescTable
                0x0800eb38       0x10 ./Core/Src/system_stm32f4xx.o
                0x0800eb38                AHBPrescTable
 .rodata.APBPrescTable
                0x0800eb48        0x8 ./Core/Src/system_stm32f4xx.o
                0x0800eb48                APBPrescTable
 .rodata.flagBitshiftOffset.0
                0x0800eb50        0x8 ./Drivers/STM32F4xx_HAL_Driver/Src/stm32f4xx_hal_dma.o
 .rodata.USBH_Driver
                0x0800eb58       0x14 ./FATFS/Target/usbh_diskio.o
                0x0800eb58                USBH_Driver
 .rodata.ExCvt  0x0800eb6c       0x80 ./Middlewares/Third_Party/FatFs/src/ff.o
                0x0800ebec                        . = ALIGN (0x4)

.ARM.extab      0x0800ebec        0x0
                0x0800ebec                        . = ALIGN (0x4)
 *(.ARM.extab* .gnu.linkonce.armextab.*)
                0x0800ebec                        . = ALIGN (0x4)

.ARM            0x0800ebec        0x8
                0x0800ebec                        . = ALIGN (0x4)
                0x0800ebec                        __exidx_start = .
 *(.ARM.exidx*)
 .ARM.exidx     0x0800ebec        0x8 C:/Program Files/STM32CubeIDE_1.15.1/STM32CubeIDE/plugins/com.st.stm32cube.ide.mcu.externaltools.gnu-tools-for-stm32.12.3.rel1.win32_1.0.100.202403111256/tools/bin/../lib/gcc/arm-none-eabi/12.3.1/thumb/v7e-m+fp/hard\libgcc.a(_udivmoddi4.o)
                0x0800ebf4                        __exidx_end = .
                0x0800ebf4                        . = ALIGN (0x4)

.preinit_array  0x0800ebf4        0x0
                0x0800ebf4                        . = ALIGN (0x4)
                0x0800ebf4                        PROVIDE (__preinit_array_start = .)
 *(.preinit_array*)
                0x0800ebf4                        PROVIDE (__preinit_array_end = .)
                0x0800ebf4                        . = ALIGN (0x4)

.init_array     0x0800ebf4        0x4
                0x0800ebf4                        . = ALIGN (0x4)
                0x0800ebf4                        PROVIDE (__init_array_start = .)
 *(SORT_BY_NAME(.init_array.*))
 *(.init_array*)
 .init_array    0x0800ebf4        0x4 C:/Program Files/STM32CubeIDE_1.15.1/STM32CubeIDE/plugins/com.st.stm32cube.ide.mcu.externaltools.gnu-tools-for-stm32.12.3.rel1.win32_1.0.100.202403111256/tools/bin/../lib/gcc/arm-none-eabi/12.3.1/thumb/v7e-m+fp/hard/crtbegin.o
                0x0800ebf8                        PROVIDE (__init_array_end = .)
                0x0800ebf8                        . = ALIGN (0x4)

.fini_array     0x0800ebf8        0x4
                0x0800ebf8                        . = ALIGN (0x4)
                [!provide]                        PROVIDE (__fini_array_start = .)
 *(SORT_BY_NAME(.fini_array.*))
 *(.fini_array*)
 .fini_array    0x0800ebf8        0x4 C:/Program Files/STM32CubeIDE_1.15.1/STM32CubeIDE/plugins/com.st.stm32cube.ide.mcu.externaltools.gnu-tools-for-stm32.12.3.rel1.win32_1.0.100.202403111256/tools/bin/../lib/gcc/arm-none-eabi/12.3.1/thumb/v7e-m+fp/hard/crtbegin.o
                [!provide]                        PROVIDE (__fini_array_end = .)
                0x0800ebfc                        . = ALIGN (0x4)
                0x0800ebfc                        _sidata = LOADADDR (.data)

.rel.dyn        0x0800ebfc        0x0
 .rel.iplt      0x0800ebfc        0x0 C:/Program Files/STM32CubeIDE_1.15.1/STM32CubeIDE/plugins/com.st.stm32cube.ide.mcu.externaltools.gnu-tools-for-stm32.12.3.rel1.win32_1.0.100.202403111256/tools/bin/../lib/gcc/arm-none-eabi/12.3.1/thumb/v7e-m+fp/hard/crtbegin.o

.data           0x20000000       0x7c load address 0x0800ebfc
                0x20000000                        . = ALIGN (0x4)
                0x20000000                        _sdata = .
 *(.data)
 *(.data*)
 .data.SystemCoreClock
                0x20000000        0x4 ./Core/Src/system_stm32f4xx.o
                0x20000000                SystemCoreClock
 .data.uwTickPrio
                0x20000004        0x4 ./Drivers/STM32F4xx_HAL_Driver/Src/stm32f4xx_hal.o
                0x20000004                uwTickPrio
 .data.uwTickFreq
                0x20000008        0x1 ./Drivers/STM32F4xx_HAL_Driver/Src/stm32f4xx_hal.o
                0x20000008                uwTickFreq
 *fill*         0x20000009        0x3 
 .data.USBH_msc
                0x2000000c       0x20 ./Middlewares/ST/STM32_USB_Host_Library/Class/MSC/Src/usbh_msc.o
                0x2000000c                USBH_msc
 .data._impure_ptr
                0x2000002c        0x4 C:/Program Files/STM32CubeIDE_1.15.1/STM32CubeIDE/plugins/com.st.stm32cube.ide.mcu.externaltools.gnu-tools-for-stm32.12.3.rel1.win32_1.0.100.202403111256/tools/bin/../lib/gcc/arm-none-eabi/12.3.1/../../../../arm-none-eabi/lib/thumb/v7e-m+fp/hard\libc_nano.a(libc_a-impure.o)
                0x2000002c                _impure_ptr
 .data._impure_data
                0x20000030       0x4c C:/Program Files/STM32CubeIDE_1.15.1/STM32CubeIDE/plugins/com.st.stm32cube.ide.mcu.externaltools.gnu-tools-for-stm32.12.3.rel1.win32_1.0.100.202403111256/tools/bin/../lib/gcc/arm-none-eabi/12.3.1/../../../../arm-none-eabi/lib/thumb/v7e-m+fp/hard\libc_nano.a(libc_a-impure.o)
                0x20000030                _impure_data
 *(.RamFunc)
 *(.RamFunc*)
                0x2000007c                        . = ALIGN (0x4)
                0x2000007c                        _edata = .
                0x0800ec78                        _siccmram = LOADADDR (.ccmram)

.igot.plt       0x2000007c        0x0 load address 0x0800ec78
 .igot.plt      0x2000007c        0x0 C:/Program Files/STM32CubeIDE_1.15.1/STM32CubeIDE/plugins/com.st.stm32cube.ide.mcu.externaltools.gnu-tools-for-stm32.12.3.rel1.win32_1.0.100.202403111256/tools/bin/../lib/gcc/arm-none-eabi/12.3.1/thumb/v7e-m+fp/hard/crtbegin.o

.ccmram         0x10000000        0x0 load address 0x0800ec78
                0x10000000                        . = ALIGN (0x4)
                0x10000000                        _sccmram = .
 *(.ccmram)
 *(.ccmram*)
                0x10000000                        . = ALIGN (0x4)
                0x10000000                        _eccmram = .
                0x10000000                        . = ALIGN (0x4)

.bss            0x2000007c     0x1f30
                0x2000007c                        _sbss = .
                0x2000007c                        __bss_start__ = _sbss
 *(.bss)
 .bss           0x2000007c       0x1c C:/Program Files/STM32CubeIDE_1.15.1/STM32CubeIDE/plugins/com.st.stm32cube.ide.mcu.externaltools.gnu-tools-for-stm32.12.3.rel1.win32_1.0.100.202403111256/tools/bin/../lib/gcc/arm-none-eabi/12.3.1/thumb/v7e-m+fp/hard/crtbegin.o
 *(.bss*)
 .bss.iData     0x20000098        0x2 ./Audio/MY_CS43L22.o
 *fill*         0x2000009a        0x2 
 .bss.i2cx      0x2000009c       0x54 ./Audio/MY_CS43L22.o
 .bss.hAudioI2S
                0x200000f0        0x4 ./Audio/audioI2S.o
 .bss.wavFile   0x200000f4      0x230 ./Audio/wav_player.o
 .bss.fileLength
                0x20000324        0x4 ./Audio/wav_player.o
 .bss.audioBuffer
                0x20000328     0x1000 ./Audio/wav_player.o
 .bss.audioRemainSize
                0x20001328        0x4 ./Audio/wav_player.o
 .bss.samplingFreq
                0x2000132c        0x4 ./Audio/wav_player.o
 .bss.playerReadBytes
                0x20001330        0x4 ./Audio/wav_player.o
 .bss.isFinished
                0x20001334        0x1 ./Audio/wav_player.o
 .bss.playerControlSM
                0x20001335        0x1 ./Audio/wav_player.o
 *fill*         0x20001336        0x2 
 .bss.hi2c1     0x20001338       0x54 ./Core/Src/main.o
                0x20001338                hi2c1
 .bss.hi2s3     0x2000138c       0x48 ./Core/Src/main.o
                0x2000138c                hi2s3
 .bss.hdma_spi3_tx
                0x200013d4       0x60 ./Core/Src/main.o
                0x200013d4                hdma_spi3_tx
 .bss.__sbrk_heap_end
                0x20001434        0x4 ./Core/Src/sysmem.o
 .bss.uwTick    0x20001438        0x4 ./Drivers/STM32F4xx_HAL_Driver/Src/stm32f4xx_hal.o
                0x20001438                uwTick
 .bss.retUSBH   0x2000143c        0x1 ./FATFS/App/fatfs.o
                0x2000143c                retUSBH
 *fill*         0x2000143d        0x3 
 .bss.USBHPath  0x20001440        0x4 ./FATFS/App/fatfs.o
                0x20001440                USBHPath
 .bss.USBHFatFS
                0x20001444      0x230 ./FATFS/App/fatfs.o
                0x20001444                USBHFatFS
 .bss.FatFs     0x20001674        0x4 ./Middlewares/Third_Party/FatFs/src/ff.o
 .bss.Fsid      0x20001678        0x2 ./Middlewares/Third_Party/FatFs/src/ff.o
 *fill*         0x2000167a        0x2 
 .bss.Files     0x2000167c       0x20 ./Middlewares/Third_Party/FatFs/src/ff.o
 .bss.disk      0x2000169c        0xc ./Middlewares/Third_Party/FatFs/src/ff_gen_drv.o
                0x2000169c                disk
 .bss.hUsbHostFS
                0x200016a8      0x3d8 ./USB_HOST/App/usb_host.o
                0x200016a8                hUsbHostFS
 .bss.Appli_state
                0x20001a80        0x1 ./USB_HOST/App/usb_host.o
                0x20001a80                Appli_state
 *fill*         0x20001a81        0x3 
 .bss.hhcd_USB_OTG_FS
                0x20001a84      0x3e0 ./USB_HOST/Target/usbh_conf.o
                0x20001a84                hhcd_USB_OTG_FS
 .bss.__malloc_sbrk_start
                0x20001e64        0x4 C:/Program Files/STM32CubeIDE_1.15.1/STM32CubeIDE/plugins/com.st.stm32cube.ide.mcu.externaltools.gnu-tools-for-stm32.12.3.rel1.win32_1.0.100.202403111256/tools/bin/../lib/gcc/arm-none-eabi/12.3.1/../../../../arm-none-eabi/lib/thumb/v7e-m+fp/hard\libc_nano.a(libc_a-mallocr.o)
                0x20001e64                __malloc_sbrk_start
 .bss.__malloc_free_list
                0x20001e68        0x4 C:/Program Files/STM32CubeIDE_1.15.1/STM32CubeIDE/plugins/com.st.stm32cube.ide.mcu.externaltools.gnu-tools-for-stm32.12.3.rel1.win32_1.0.100.202403111256/tools/bin/../lib/gcc/arm-none-eabi/12.3.1/../../../../arm-none-eabi/lib/thumb/v7e-m+fp/hard\libc_nano.a(libc_a-mallocr.o)
                0x20001e68                __malloc_free_list
 .bss.__sf      0x20001e6c      0x138 C:/Program Files/STM32CubeIDE_1.15.1/STM32CubeIDE/plugins/com.st.stm32cube.ide.mcu.externaltools.gnu-tools-for-stm32.12.3.rel1.win32_1.0.100.202403111256/tools/bin/../lib/gcc/arm-none-eabi/12.3.1/../../../../arm-none-eabi/lib/thumb/v7e-m+fp/hard\libc_nano.a(libc_a-findfp.o)
                0x20001e6c                __sf
 .bss.errno     0x20001fa4        0x4 C:/Program Files/STM32CubeIDE_1.15.1/STM32CubeIDE/plugins/com.st.stm32cube.ide.mcu.externaltools.gnu-tools-for-stm32.12.3.rel1.win32_1.0.100.202403111256/tools/bin/../lib/gcc/arm-none-eabi/12.3.1/../../../../arm-none-eabi/lib/thumb/v7e-m+fp/hard\libc_nano.a(libc_a-reent.o)
                0x20001fa4                errno
 .bss.__lock___malloc_recursive_mutex
                0x20001fa8        0x1 C:/Program Files/STM32CubeIDE_1.15.1/STM32CubeIDE/plugins/com.st.stm32cube.ide.mcu.externaltools.gnu-tools-for-stm32.12.3.rel1.win32_1.0.100.202403111256/tools/bin/../lib/gcc/arm-none-eabi/12.3.1/../../../../arm-none-eabi/lib/thumb/v7e-m+fp/hard\libc_nano.a(libc_a-lock.o)
                0x20001fa8                __lock___malloc_recursive_mutex
 *(COMMON)
                0x20001fac                        . = ALIGN (0x4)
 *fill*         0x20001fa9        0x3 
                0x20001fac                        _ebss = .
                0x20001fac                        __bss_end__ = _ebss

._user_heap_stack
                0x20001fac     0x4004
                0x20001fb0                        . = ALIGN (0x8)
 *fill*         0x20001fac        0x4 
                [!provide]                        PROVIDE (end = .)
                0x20001fb0                        PROVIDE (_end = .)
                0x20003fb0                        . = (. + _Min_Heap_Size)
 *fill*         0x20001fb0     0x2000 
                0x20005fb0                        . = (. + _Min_Stack_Size)
 *fill*         0x20003fb0     0x2000 
                0x20005fb0                        . = ALIGN (0x8)

/DISCARD/
 libc.a(*)
 libm.a(*)
 libgcc.a(*)

.ARM.attributes
                0x00000000       0x30
 *(.ARM.attributes)
 .ARM.attributes
                0x00000000       0x22 C:/Program Files/STM32CubeIDE_1.15.1/STM32CubeIDE/plugins/com.st.stm32cube.ide.mcu.externaltools.gnu-tools-for-stm32.12.3.rel1.win32_1.0.100.202403111256/tools/bin/../lib/gcc/arm-none-eabi/12.3.1/thumb/v7e-m+fp/hard/crti.o
 .ARM.attributes
                0x00000022       0x34 C:/Program Files/STM32CubeIDE_1.15.1/STM32CubeIDE/plugins/com.st.stm32cube.ide.mcu.externaltools.gnu-tools-for-stm32.12.3.rel1.win32_1.0.100.202403111256/tools/bin/../lib/gcc/arm-none-eabi/12.3.1/thumb/v7e-m+fp/hard/crtbegin.o
 .ARM.attributes
                0x00000056       0x34 ./Audio/MY_CS43L22.o
 .ARM.attributes
                0x0000008a       0x34 ./Audio/audioI2S.o
 .ARM.attributes
                0x000000be       0x34 ./Audio/wav_player.o
 .ARM.attributes
                0x000000f2       0x34 ./Core/Src/main.o
 .ARM.attributes
                0x00000126       0x34 ./Core/Src/stm32f4xx_hal_msp.o
 .ARM.attributes
                0x0000015a       0x34 ./Core/Src/stm32f4xx_it.o
 .ARM.attributes
                0x0000018e       0x34 ./Core/Src/sysmem.o
 .ARM.attributes
                0x000001c2       0x34 ./Core/Src/system_stm32f4xx.o
 .ARM.attributes
                0x000001f6       0x21 ./Core/Startup/startup_stm32f407vgtx.o
 .ARM.attributes
                0x00000217       0x34 ./Drivers/STM32F4xx_HAL_Driver/Src/stm32f4xx_hal.o
 .ARM.attributes
                0x0000024b       0x34 ./Drivers/STM32F4xx_HAL_Driver/Src/stm32f4xx_hal_cortex.o
 .ARM.attributes
                0x0000027f       0x34 ./Drivers/STM32F4xx_HAL_Driver/Src/stm32f4xx_hal_dma.o
 .ARM.attributes
                0x000002b3       0x34 ./Drivers/STM32F4xx_HAL_Driver/Src/stm32f4xx_hal_gpio.o
 .ARM.attributes
                0x000002e7       0x34 ./Drivers/STM32F4xx_HAL_Driver/Src/stm32f4xx_hal_hcd.o
 .ARM.attributes
                0x0000031b       0x34 ./Drivers/STM32F4xx_HAL_Driver/Src/stm32f4xx_hal_i2c.o
 .ARM.attributes
                0x0000034f       0x34 ./Drivers/STM32F4xx_HAL_Driver/Src/stm32f4xx_hal_i2s.o
 .ARM.attributes
                0x00000383       0x34 ./Drivers/STM32F4xx_HAL_Driver/Src/stm32f4xx_hal_i2s_ex.o
 .ARM.attributes
                0x000003b7       0x34 ./Drivers/STM32F4xx_HAL_Driver/Src/stm32f4xx_hal_rcc.o
 .ARM.attributes
                0x000003eb       0x34 ./Drivers/STM32F4xx_HAL_Driver/Src/stm32f4xx_hal_rcc_ex.o
 .ARM.attributes
                0x0000041f       0x34 ./Drivers/STM32F4xx_HAL_Driver/Src/stm32f4xx_ll_usb.o
 .ARM.attributes
                0x00000453       0x34 ./FATFS/App/fatfs.o
 .ARM.attributes
                0x00000487       0x34 ./FATFS/Target/usbh_diskio.o
 .ARM.attributes
                0x000004bb       0x34 ./Middlewares/ST/STM32_USB_Host_Library/Class/MSC/Src/usbh_msc.o
 .ARM.attributes
                0x000004ef       0x34 ./Middlewares/ST/STM32_USB_Host_Library/Class/MSC/Src/usbh_msc_bot.o
 .ARM.attributes
                0x00000523       0x34 ./Middlewares/ST/STM32_USB_Host_Library/Class/MSC/Src/usbh_msc_scsi.o
 .ARM.attributes
                0x00000557       0x34 ./Middlewares/ST/STM32_USB_Host_Library/Core/Src/usbh_core.o
 .ARM.attributes
                0x0000058b       0x34 ./Middlewares/ST/STM32_USB_Host_Library/Core/Src/usbh_ctlreq.o
 .ARM.attributes
                0x000005bf       0x34 ./Middlewares/ST/STM32_USB_Host_Library/Core/Src/usbh_ioreq.o
 .ARM.attributes
                0x000005f3       0x34 ./Middlewares/ST/STM32_USB_Host_Library/Core/Src/usbh_pipes.o
 .ARM.attributes
                0x00000627       0x34 ./Middlewares/Third_Party/FatFs/src/diskio.o
 .ARM.attributes
                0x0000065b       0x34 ./Middlewares/Third_Party/FatFs/src/ff.o
 .ARM.attributes
                0x0000068f       0x34 ./Middlewares/Third_Party/FatFs/src/ff_gen_drv.o
 .ARM.attributes
                0x000006c3       0x34 ./USB_HOST/App/usb_host.o
 .ARM.attributes
                0x000006f7       0x34 ./USB_HOST/Target/usbh_conf.o
 .ARM.attributes
                0x0000072b       0x34 C:/Program Files/STM32CubeIDE_1.15.1/STM32CubeIDE/plugins/com.st.stm32cube.ide.mcu.externaltools.gnu-tools-for-stm32.12.3.rel1.win32_1.0.100.202403111256/tools/bin/../lib/gcc/arm-none-eabi/12.3.1/../../../../arm-none-eabi/lib/thumb/v7e-m+fp/hard\libc_nano.a(libc_a-malloc.o)
 .ARM.attributes
                0x0000075f       0x34 C:/Program Files/STM32CubeIDE_1.15.1/STM32CubeIDE/plugins/com.st.stm32cube.ide.mcu.externaltools.gnu-tools-for-stm32.12.3.rel1.win32_1.0.100.202403111256/tools/bin/../lib/gcc/arm-none-eabi/12.3.1/../../../../arm-none-eabi/lib/thumb/v7e-m+fp/hard\libc_nano.a(libc_a-mallocr.o)
 .ARM.attributes
                0x00000793       0x34 C:/Program Files/STM32CubeIDE_1.15.1/STM32CubeIDE/plugins/com.st.stm32cube.ide.mcu.externaltools.gnu-tools-for-stm32.12.3.rel1.win32_1.0.100.202403111256/tools/bin/../lib/gcc/arm-none-eabi/12.3.1/../../../../arm-none-eabi/lib/thumb/v7e-m+fp/hard\libc_nano.a(libc_a-mlock.o)
 .ARM.attributes
                0x000007c7       0x34 C:/Program Files/STM32CubeIDE_1.15.1/STM32CubeIDE/plugins/com.st.stm32cube.ide.mcu.externaltools.gnu-tools-for-stm32.12.3.rel1.win32_1.0.100.202403111256/tools/bin/../lib/gcc/arm-none-eabi/12.3.1/../../../../arm-none-eabi/lib/thumb/v7e-m+fp/hard\libc_nano.a(libc_a-findfp.o)
 .ARM.attributes
                0x000007fb       0x34 C:/Program Files/STM32CubeIDE_1.15.1/STM32CubeIDE/plugins/com.st.stm32cube.ide.mcu.externaltools.gnu-tools-for-stm32.12.3.rel1.win32_1.0.100.202403111256/tools/bin/../lib/gcc/arm-none-eabi/12.3.1/../../../../arm-none-eabi/lib/thumb/v7e-m+fp/hard\libc_nano.a(libc_a-memset.o)
 .ARM.attributes
                0x0000082f       0x34 C:/Program Files/STM32CubeIDE_1.15.1/STM32CubeIDE/plugins/com.st.stm32cube.ide.mcu.externaltools.gnu-tools-for-stm32.12.3.rel1.win32_1.0.100.202403111256/tools/bin/../lib/gcc/arm-none-eabi/12.3.1/../../../../arm-none-eabi/lib/thumb/v7e-m+fp/hard\libc_nano.a(libc_a-reent.o)
 .ARM.attributes
                0x00000863       0x34 C:/Program Files/STM32CubeIDE_1.15.1/STM32CubeIDE/plugins/com.st.stm32cube.ide.mcu.externaltools.gnu-tools-for-stm32.12.3.rel1.win32_1.0.100.202403111256/tools/bin/../lib/gcc/arm-none-eabi/12.3.1/../../../../arm-none-eabi/lib/thumb/v7e-m+fp/hard\libc_nano.a(libc_a-impure.o)
 .ARM.attributes
                0x00000897       0x34 C:/Program Files/STM32CubeIDE_1.15.1/STM32CubeIDE/plugins/com.st.stm32cube.ide.mcu.externaltools.gnu-tools-for-stm32.12.3.rel1.win32_1.0.100.202403111256/tools/bin/../lib/gcc/arm-none-eabi/12.3.1/../../../../arm-none-eabi/lib/thumb/v7e-m+fp/hard\libc_nano.a(libc_a-sbrkr.o)
 .ARM.attributes
                0x000008cb       0x34 C:/Program Files/STM32CubeIDE_1.15.1/STM32CubeIDE/plugins/com.st.stm32cube.ide.mcu.externaltools.gnu-tools-for-stm32.12.3.rel1.win32_1.0.100.202403111256/tools/bin/../lib/gcc/arm-none-eabi/12.3.1/../../../../arm-none-eabi/lib/thumb/v7e-m+fp/hard\libc_nano.a(libc_a-errno.o)
 .ARM.attributes
                0x000008ff       0x34 C:/Program Files/STM32CubeIDE_1.15.1/STM32CubeIDE/plugins/com.st.stm32cube.ide.mcu.externaltools.gnu-tools-for-stm32.12.3.rel1.win32_1.0.100.202403111256/tools/bin/../lib/gcc/arm-none-eabi/12.3.1/../../../../arm-none-eabi/lib/thumb/v7e-m+fp/hard\libc_nano.a(libc_a-init.o)
 .ARM.attributes
                0x00000933       0x34 C:/Program Files/STM32CubeIDE_1.15.1/STM32CubeIDE/plugins/com.st.stm32cube.ide.mcu.externaltools.gnu-tools-for-stm32.12.3.rel1.win32_1.0.100.202403111256/tools/bin/../lib/gcc/arm-none-eabi/12.3.1/../../../../arm-none-eabi/lib/thumb/v7e-m+fp/hard\libc_nano.a(libc_a-lock.o)
 .ARM.attributes
                0x00000967       0x34 C:/Program Files/STM32CubeIDE_1.15.1/STM32CubeIDE/plugins/com.st.stm32cube.ide.mcu.externaltools.gnu-tools-for-stm32.12.3.rel1.win32_1.0.100.202403111256/tools/bin/../lib/gcc/arm-none-eabi/12.3.1/../../../../arm-none-eabi/lib/thumb/v7e-m+fp/hard\libc_nano.a(libc_a-memcpy-stub.o)
 .ARM.attributes
                0x0000099b       0x34 C:/Program Files/STM32CubeIDE_1.15.1/STM32CubeIDE/plugins/com.st.stm32cube.ide.mcu.externaltools.gnu-tools-for-stm32.12.3.rel1.win32_1.0.100.202403111256/tools/bin/../lib/gcc/arm-none-eabi/12.3.1/../../../../arm-none-eabi/lib/thumb/v7e-m+fp/hard\libc_nano.a(libc_a-freer.o)
 .ARM.attributes
                0x000009cf       0x22 C:/Program Files/STM32CubeIDE_1.15.1/STM32CubeIDE/plugins/com.st.stm32cube.ide.mcu.externaltools.gnu-tools-for-stm32.12.3.rel1.win32_1.0.100.202403111256/tools/bin/../lib/gcc/arm-none-eabi/12.3.1/thumb/v7e-m+fp/hard\libgcc.a(_aeabi_uldivmod.o)
 .ARM.attributes
                0x000009f1       0x34 C:/Program Files/STM32CubeIDE_1.15.1/STM32CubeIDE/plugins/com.st.stm32cube.ide.mcu.externaltools.gnu-tools-for-stm32.12.3.rel1.win32_1.0.100.202403111256/tools/bin/../lib/gcc/arm-none-eabi/12.3.1/thumb/v7e-m+fp/hard\libgcc.a(_udivmoddi4.o)
 .ARM.attributes
                0x00000a25       0x22 C:/Program Files/STM32CubeIDE_1.15.1/STM32CubeIDE/plugins/com.st.stm32cube.ide.mcu.externaltools.gnu-tools-for-stm32.12.3.rel1.win32_1.0.100.202403111256/tools/bin/../lib/gcc/arm-none-eabi/12.3.1/thumb/v7e-m+fp/hard\libgcc.a(_dvmd_tls.o)
 .ARM.attributes
                0x00000a47       0x22 C:/Program Files/STM32CubeIDE_1.15.1/STM32CubeIDE/plugins/com.st.stm32cube.ide.mcu.externaltools.gnu-tools-for-stm32.12.3.rel1.win32_1.0.100.202403111256/tools/bin/../lib/gcc/arm-none-eabi/12.3.1/thumb/v7e-m+fp/hard/crtn.o
OUTPUT(Digital_Audio_Player.elf elf32-littlearm)
LOAD linker stubs
LOAD C:/Program Files/STM32CubeIDE_1.15.1/STM32CubeIDE/plugins/com.st.stm32cube.ide.mcu.externaltools.gnu-tools-for-stm32.12.3.rel1.win32_1.0.100.202403111256/tools/bin/../lib/gcc/arm-none-eabi/12.3.1/../../../../arm-none-eabi/lib/thumb/v7e-m+fp/hard\libc.a
LOAD C:/Program Files/STM32CubeIDE_1.15.1/STM32CubeIDE/plugins/com.st.stm32cube.ide.mcu.externaltools.gnu-tools-for-stm32.12.3.rel1.win32_1.0.100.202403111256/tools/bin/../lib/gcc/arm-none-eabi/12.3.1/../../../../arm-none-eabi/lib/thumb/v7e-m+fp/hard\libm.a
LOAD C:/Program Files/STM32CubeIDE_1.15.1/STM32CubeIDE/plugins/com.st.stm32cube.ide.mcu.externaltools.gnu-tools-for-stm32.12.3.rel1.win32_1.0.100.202403111256/tools/bin/../lib/gcc/arm-none-eabi/12.3.1/thumb/v7e-m+fp/hard\libgcc.a

.debug_info     0x00000000    0x1bb88
 .debug_info    0x00000000      0xae1 ./Audio/MY_CS43L22.o
 .debug_info    0x00000ae1      0x92e ./Audio/audioI2S.o
 .debug_info    0x0000140f      0x70c ./Audio/wav_player.o
 .debug_info    0x00001b1b     0x15a2 ./Core/Src/main.o
 .debug_info    0x000030bd      0xd9e ./Core/Src/stm32f4xx_hal_msp.o
 .debug_info    0x00003e5b      0x90f ./Core/Src/stm32f4xx_it.o
 .debug_info    0x0000476a      0x168 ./Core/Src/sysmem.o
 .debug_info    0x000048d2      0x512 ./Core/Src/system_stm32f4xx.o
 .debug_info    0x00004de4       0x30 ./Core/Startup/startup_stm32f407vgtx.o
 .debug_info    0x00004e14      0x944 ./Drivers/STM32F4xx_HAL_Driver/Src/stm32f4xx_hal.o
 .debug_info    0x00005758      0xd57 ./Drivers/STM32F4xx_HAL_Driver/Src/stm32f4xx_hal_cortex.o
 .debug_info    0x000064af      0x8e7 ./Drivers/STM32F4xx_HAL_Driver/Src/stm32f4xx_hal_dma.o
 .debug_info    0x00006d96      0x6c3 ./Drivers/STM32F4xx_HAL_Driver/Src/stm32f4xx_hal_gpio.o
 .debug_info    0x00007459     0x114c ./Drivers/STM32F4xx_HAL_Driver/Src/stm32f4xx_hal_hcd.o
 .debug_info    0x000085a5     0x2415 ./Drivers/STM32F4xx_HAL_Driver/Src/stm32f4xx_hal_i2c.o
 .debug_info    0x0000a9ba      0xdf8 ./Drivers/STM32F4xx_HAL_Driver/Src/stm32f4xx_hal_i2s.o
 .debug_info    0x0000b7b2      0xaeb ./Drivers/STM32F4xx_HAL_Driver/Src/stm32f4xx_hal_i2s_ex.o
 .debug_info    0x0000c29d      0x8b1 ./Drivers/STM32F4xx_HAL_Driver/Src/stm32f4xx_hal_rcc.o
 .debug_info    0x0000cb4e      0x53a ./Drivers/STM32F4xx_HAL_Driver/Src/stm32f4xx_hal_rcc_ex.o
 .debug_info    0x0000d088     0x1993 ./Drivers/STM32F4xx_HAL_Driver/Src/stm32f4xx_ll_usb.o
 .debug_info    0x0000ea1b      0x4d9 ./FATFS/App/fatfs.o
 .debug_info    0x0000eef4      0xe71 ./FATFS/Target/usbh_diskio.o
 .debug_info    0x0000fd65     0x150c ./Middlewares/ST/STM32_USB_Host_Library/Class/MSC/Src/usbh_msc.o
 .debug_info    0x00011271     0x118d ./Middlewares/ST/STM32_USB_Host_Library/Class/MSC/Src/usbh_msc_bot.o
 .debug_info    0x000123fe     0x115b ./Middlewares/ST/STM32_USB_Host_Library/Class/MSC/Src/usbh_msc_scsi.o
 .debug_info    0x00013559      0xfb2 ./Middlewares/ST/STM32_USB_Host_Library/Core/Src/usbh_core.o
 .debug_info    0x0001450b      0xfa6 ./Middlewares/ST/STM32_USB_Host_Library/Core/Src/usbh_ctlreq.o
 .debug_info    0x000154b1      0xc2b ./Middlewares/ST/STM32_USB_Host_Library/Core/Src/usbh_ioreq.o
 .debug_info    0x000160dc      0xa8e ./Middlewares/ST/STM32_USB_Host_Library/Core/Src/usbh_pipes.o
 .debug_info    0x00016b6a      0x3df ./Middlewares/Third_Party/FatFs/src/diskio.o
 .debug_info    0x00016f49     0x21dd ./Middlewares/Third_Party/FatFs/src/ff.o
 .debug_info    0x00019126      0x37f ./Middlewares/Third_Party/FatFs/src/ff_gen_drv.o
 .debug_info    0x000194a5      0xa0f ./USB_HOST/App/usb_host.o
 .debug_info    0x00019eb4     0x1cd4 ./USB_HOST/Target/usbh_conf.o

.debug_abbrev   0x00000000     0x4d18
 .debug_abbrev  0x00000000      0x1ef ./Audio/MY_CS43L22.o
 .debug_abbrev  0x000001ef      0x272 ./Audio/audioI2S.o
 .debug_abbrev  0x00000461      0x1ba ./Audio/wav_player.o
 .debug_abbrev  0x0000061b      0x2bc ./Core/Src/main.o
 .debug_abbrev  0x000008d7      0x1f4 ./Core/Src/stm32f4xx_hal_msp.o
 .debug_abbrev  0x00000acb      0x1d2 ./Core/Src/stm32f4xx_it.o
 .debug_abbrev  0x00000c9d       0xbc ./Core/Src/sysmem.o
 .debug_abbrev  0x00000d59      0x11a ./Core/Src/system_stm32f4xx.o
 .debug_abbrev  0x00000e73       0x24 ./Core/Startup/startup_stm32f407vgtx.o
 .debug_abbrev  0x00000e97      0x214 ./Drivers/STM32F4xx_HAL_Driver/Src/stm32f4xx_hal.o
 .debug_abbrev  0x000010ab      0x328 ./Drivers/STM32F4xx_HAL_Driver/Src/stm32f4xx_hal_cortex.o
 .debug_abbrev  0x000013d3      0x264 ./Drivers/STM32F4xx_HAL_Driver/Src/stm32f4xx_hal_dma.o
 .debug_abbrev  0x00001637      0x1d4 ./Drivers/STM32F4xx_HAL_Driver/Src/stm32f4xx_hal_gpio.o
 .debug_abbrev  0x0000180b      0x296 ./Drivers/STM32F4xx_HAL_Driver/Src/stm32f4xx_hal_hcd.o
 .debug_abbrev  0x00001aa1      0x2ad ./Drivers/STM32F4xx_HAL_Driver/Src/stm32f4xx_hal_i2c.o
 .debug_abbrev  0x00001d4e      0x256 ./Drivers/STM32F4xx_HAL_Driver/Src/stm32f4xx_hal_i2s.o
 .debug_abbrev  0x00001fa4      0x288 ./Drivers/STM32F4xx_HAL_Driver/Src/stm32f4xx_hal_i2s_ex.o
 .debug_abbrev  0x0000222c      0x2b6 ./Drivers/STM32F4xx_HAL_Driver/Src/stm32f4xx_hal_rcc.o
 .debug_abbrev  0x000024e2      0x1af ./Drivers/STM32F4xx_HAL_Driver/Src/stm32f4xx_hal_rcc_ex.o